Archive member included to satisfy reference by file (symbol)

C:\Users\Bunchu\Documents\Atmel Studio\7.0\AlienCake\AlienCake\ArduinoCore\Debug\libArduinoCore.a(DFRobotDFPlayerMini.o)
                              src/Mp3Player.o (_ZN19DFRobotDFPlayerMini6volumeEh)
C:\Users\Bunchu\Documents\Atmel Studio\7.0\AlienCake\AlienCake\ArduinoCore\Debug\libArduinoCore.a(HardwareSerial.o)
                              sketch.o (_ZN14HardwareSerial5beginEmh)
C:\Users\Bunchu\Documents\Atmel Studio\7.0\AlienCake\AlienCake\ArduinoCore\Debug\libArduinoCore.a(HardwareSerial0.o)
                              sketch.o (Serial)
C:\Users\Bunchu\Documents\Atmel Studio\7.0\AlienCake\AlienCake\ArduinoCore\Debug\libArduinoCore.a(main.o)
                              F:/Atmel/Studio/7.0/Packs/atmel/ATmega_DFP/1.2.132/gcc/dev/atmega328p/avr5/crtatmega328p.o (main)
C:\Users\Bunchu\Documents\Atmel Studio\7.0\AlienCake\AlienCake\ArduinoCore\Debug\libArduinoCore.a(new.o)
                              sketch.o (_Znwj)
C:\Users\Bunchu\Documents\Atmel Studio\7.0\AlienCake\AlienCake\ArduinoCore\Debug\libArduinoCore.a(Print.o)
                              C:\Users\Bunchu\Documents\Atmel Studio\7.0\AlienCake\AlienCake\ArduinoCore\Debug\libArduinoCore.a(HardwareSerial.o) (_ZN5Print5writeEPKhj)
C:\Users\Bunchu\Documents\Atmel Studio\7.0\AlienCake\AlienCake\ArduinoCore\Debug\libArduinoCore.a(wiring.o)
                              C:\Users\Bunchu\Documents\Atmel Studio\7.0\AlienCake\AlienCake\ArduinoCore\Debug\libArduinoCore.a(DFRobotDFPlayerMini.o) (millis)
C:\Users\Bunchu\Documents\Atmel Studio\7.0\AlienCake\AlienCake\ArduinoCore\Debug\libArduinoCore.a(wiring_analog.o)
                              src/MotorDriver.o (analogWrite)
C:\Users\Bunchu\Documents\Atmel Studio\7.0\AlienCake\AlienCake\ArduinoCore\Debug\libArduinoCore.a(wiring_digital.o)
                              src/LedBlinker.o (pinMode)
C:\Users\Bunchu\Documents\Atmel Studio\7.0\AlienCake\AlienCake\ArduinoCore\Debug\libArduinoCore.a(SoftwareSerial.o)
                              src/Mp3Player.o (_ZN14SoftwareSerialD1Ev)
C:\Users\Bunchu\Documents\Atmel Studio\7.0\AlienCake\AlienCake\ArduinoCore\Debug\libArduinoCore.a(abi.o)
                              C:\Users\Bunchu\Documents\Atmel Studio\7.0\AlienCake\AlienCake\ArduinoCore\Debug\libArduinoCore.a(Print.o) (__cxa_pure_virtual)
C:\Users\Bunchu\Documents\Atmel Studio\7.0\AlienCake\AlienCake\ArduinoCore\Debug\libArduinoCore.a(hooks.o)
                              C:\Users\Bunchu\Documents\Atmel Studio\7.0\AlienCake\AlienCake\ArduinoCore\Debug\libArduinoCore.a(wiring.o) (yield)
f:/atmel/studio/7.0/toolchain/avr8/avr8-gnu-toolchain/bin/../lib/gcc/avr/5.4.0/../../../../avr/lib/avr5\libm.a(addsf3.o)
                              C:\Users\Bunchu\Documents\Atmel Studio\7.0\AlienCake\AlienCake\ArduinoCore\Debug\libArduinoCore.a(Print.o) (__subsf3)
f:/atmel/studio/7.0/toolchain/avr8/avr8-gnu-toolchain/bin/../lib/gcc/avr/5.4.0/../../../../avr/lib/avr5\libm.a(addsf3x.o)
                              f:/atmel/studio/7.0/toolchain/avr8/avr8-gnu-toolchain/bin/../lib/gcc/avr/5.4.0/../../../../avr/lib/avr5\libm.a(addsf3.o) (__addsf3x)
f:/atmel/studio/7.0/toolchain/avr8/avr8-gnu-toolchain/bin/../lib/gcc/avr/5.4.0/../../../../avr/lib/avr5\libm.a(cmpsf2.o)
                              C:\Users\Bunchu\Documents\Atmel Studio\7.0\AlienCake\AlienCake\ArduinoCore\Debug\libArduinoCore.a(Print.o) (__ltsf2)
f:/atmel/studio/7.0/toolchain/avr8/avr8-gnu-toolchain/bin/../lib/gcc/avr/5.4.0/../../../../avr/lib/avr5\libm.a(divsf3.o)
                              C:\Users\Bunchu\Documents\Atmel Studio\7.0\AlienCake\AlienCake\ArduinoCore\Debug\libArduinoCore.a(Print.o) (__divsf3)
f:/atmel/studio/7.0/toolchain/avr8/avr8-gnu-toolchain/bin/../lib/gcc/avr/5.4.0/../../../../avr/lib/avr5\libm.a(divsf3x.o)
                              f:/atmel/studio/7.0/toolchain/avr8/avr8-gnu-toolchain/bin/../lib/gcc/avr/5.4.0/../../../../avr/lib/avr5\libm.a(divsf3.o) (__divsf3x)
f:/atmel/studio/7.0/toolchain/avr8/avr8-gnu-toolchain/bin/../lib/gcc/avr/5.4.0/../../../../avr/lib/avr5\libm.a(fixunssfsi.o)
                              C:\Users\Bunchu\Documents\Atmel Studio\7.0\AlienCake\AlienCake\ArduinoCore\Debug\libArduinoCore.a(Print.o) (__fixunssfsi)
f:/atmel/studio/7.0/toolchain/avr8/avr8-gnu-toolchain/bin/../lib/gcc/avr/5.4.0/../../../../avr/lib/avr5\libm.a(floatsisf.o)
                              C:\Users\Bunchu\Documents\Atmel Studio\7.0\AlienCake\AlienCake\ArduinoCore\Debug\libArduinoCore.a(Print.o) (__floatunsisf)
f:/atmel/studio/7.0/toolchain/avr8/avr8-gnu-toolchain/bin/../lib/gcc/avr/5.4.0/../../../../avr/lib/avr5\libm.a(fp_cmp.o)
                              f:/atmel/studio/7.0/toolchain/avr8/avr8-gnu-toolchain/bin/../lib/gcc/avr/5.4.0/../../../../avr/lib/avr5\libm.a(cmpsf2.o) (__fp_cmp)
f:/atmel/studio/7.0/toolchain/avr8/avr8-gnu-toolchain/bin/../lib/gcc/avr/5.4.0/../../../../avr/lib/avr5\libm.a(fp_inf.o)
[...]
Memory Configuration

Name             Origin             Length             Attributes
text             0x00000000         0x00020000         xr
data             0x00800060         0x0000ffa0         rw !x
eeprom           0x00810000         0x00010000         rw !x
fuse             0x00820000         0x00000003         rw !x
lock             0x00830000         0x00000400         rw !x
signature        0x00840000         0x00000400         rw !x
user_signatures  0x00850000         0x00000400         rw !x
*default*        0x00000000         0xffffffff

Linker script and memory map

Address of section .data set to 0x800100
LOAD F:/Atmel/Studio/7.0/Packs/atmel/ATmega_DFP/1.2.132/gcc/dev/atmega328p/avr5/crtatmega328p.o
LOAD sketch.o
LOAD src/LedBlinker.o
LOAD src/LengthSensor.o
LOAD src/MotorDriver.o
LOAD src/Mp3Player.o
START GROUP
LOAD f:/atmel/studio/7.0/toolchain/avr8/avr8-gnu-toolchain/bin/../lib/gcc/avr/5.4.0/../../../../avr/lib/avr5\libm.a
LOAD C:\Users\Bunchu\Documents\Atmel Studio\7.0\AlienCake\AlienCake\ArduinoCore\Debug\libArduinoCore.a
END GROUP
LOAD f:/atmel/studio/7.0/toolchain/avr8/avr8-gnu-toolchain/bin/../lib/gcc/avr/5.4.0/avr5\libgcc.a
LOAD f:/atmel/studio/7.0/toolchain/avr8/avr8-gnu-toolchain/bin/../lib/gcc/avr/5.4.0/../../../../avr/lib/avr5\libm.a
START GROUP
LOAD f:/atmel/studio/7.0/toolchain/avr8/avr8-gnu-toolchain/bin/../lib/gcc/avr/5.4.0/avr5\libgcc.a
LOAD f:/atmel/studio/7.0/toolchain/avr8/avr8-gnu-toolchain/bin/../lib/gcc/avr/5.4.0/../../../../avr/lib/avr5\libm.a
LOAD f:/atmel/studio/7.0/toolchain/avr8/avr8-gnu-toolchain/bin/../lib/gcc/avr/5.4.0/../../../../avr/lib/avr5\libc.a
LOAD F:/Atmel/Studio/7.0/Packs/atmel/ATmega_DFP/1.2.132/gcc/dev/atmega328p/avr5\libatmega328p.a
END GROUP
                0x00020000                __TEXT_REGION_LENGTH__ = DEFINED (__TEXT_REGION_LENGTH__)?__TEXT_REGION_LENGTH__:0x20000
                0x0000ffa0                __DATA_REGION_LENGTH__ = DEFINED (__DATA_REGION_LENGTH__)?__DATA_REGION_LENGTH__:0xffa0
                0x00010000                __EEPROM_REGION_LENGTH__ = DEFINED (__EEPROM_REGION_LENGTH__)?__EEPROM_REGION_LENGTH__:0x10000
                [0x00000003]                __FUSE_REGION_LENGTH__ = DEFINED (__FUSE_REGION_LENGTH__)?__FUSE_REGION_LENGTH__:0x400
                0x00000400                __LOCK_REGION_LENGTH__ = DEFINED (__LOCK_REGION_LENGTH__)?__LOCK_REGION_LENGTH__:0x400
                0x00000400                __SIGNATURE_REGION_LENGTH__ = DEFINED (__SIGNATURE_REGION_LENGTH__)?__SIGNATURE_REGION_LENGTH__:0x400
                0x00000400                __USER_SIGNATURE_REGION_LENGTH__ = DEFINED (__USER_SIGNATURE_REGION_LENGTH__)?__USER_SIGNATURE_REGION_LENGTH__:0x400

.hash
 *(.hash)

.dynsym
 *(.dynsym)

.dynstr
 *(.dynstr)

.gnu.version
 *(.gnu.version)

.gnu.version_d
 *(.gnu.version_d)

.gnu.version_r
 *(.gnu.version_r)

.rel.init
 *(.rel.init)

.rela.init
 *(.rela.init)

.rel.text
 *(.rel.text)
 *(.rel.text.*)
 *(.rel.gnu.linkonce.t*)

.rela.text
 *(.rela.text)
 *(.rela.text.*)
 *(.rela.gnu.linkonce.t*)

.rel.fini
 *(.rel.fini)

.rela.fini
 *(.rela.fini)

.rel.rodata
 *(.rel.rodata)
 *(.rel.rodata.*)
 *(.rel.gnu.linkonce.r*)

.rela.rodata
 *(.rela.rodata)
 *(.rela.rodata.*)
 *(.rela.gnu.linkonce.r*)

.rel.data
 *(.rel.data)
 *(.rel.data.*)
 *(.rel.gnu.linkonce.d*)

.rela.data
 *(.rela.data)
 *(.rela.data.*)
 *(.rela.gnu.linkonce.d*)

.rel.ctors
 *(.rel.ctors)

.rela.ctors
 *(.rela.ctors)

.rel.dtors
 *(.rel.dtors)

.rela.dtors
 *(.rela.dtors)

.rel.got
 *(.rel.got)

.rela.got
 *(.rela.got)

.rel.bss
 *(.rel.bss)

.rela.bss
 *(.rela.bss)

.rel.plt
 *(.rel.plt)

.rela.plt
 *(.rela.plt)

.text           0x00000000     0x18e6
 *(.vectors)
 .vectors       0x00000000       0x68 F:/Atmel/Studio/7.0/Packs/atmel/ATmega_DFP/1.2.132/gcc/dev/atmega328p/avr5/crtatmega328p.o
                0x00000000                __vector_default
                0x00000000                __vectors
 *(.vectors)
 *(.progmem.gcc*)
 .progmem.gcc_sw_table._ZN19DFRobotDFPlayerMini10parseStackEv
                0x00000068       0x2c C:\Users\Bunchu\Documents\Atmel Studio\7.0\AlienCake\AlienCake\ArduinoCore\Debug\libArduinoCore.a(DFRobotDFPlayerMini.o)
                0x00000094                . = ALIGN (0x2)
                0x00000094                __trampolines_start = .
 *(.trampolines)
 .trampolines   0x00000094        0x0 linker stubs
 *(.trampolines*)
                0x00000094                __trampolines_end = .
 *libprintf_flt.a:*(.progmem.data)
 *libc.a:*(.progmem.data)
 *(.progmem*)
 .progmem.data.digital_pin_to_timer_PGM
                0x00000094       0x14 C:\Users\Bunchu\Documents\Atmel Studio\7.0\AlienCake\AlienCake\ArduinoCore\Debug\libArduinoCore.a(wiring_digital.o)
                0x00000094                digital_pin_to_timer_PGM
 .progmem.data.digital_pin_to_bit_mask_PGM
                0x000000a8       0x14 C:\Users\Bunchu\Documents\Atmel Studio\7.0\AlienCake\AlienCake\ArduinoCore\Debug\libArduinoCore.a(wiring_digital.o)
                0x000000a8                digital_pin_to_bit_mask_PGM
 .progmem.data.digital_pin_to_port_PGM
                0x000000bc       0x14 C:\Users\Bunchu\Documents\Atmel Studio\7.0\AlienCake\AlienCake\ArduinoCore\Debug\libArduinoCore.a(wiring_digital.o)
                0x000000bc                digital_pin_to_port_PGM
 .progmem.data.port_to_input_PGM
                0x000000d0        0xa C:\Users\Bunchu\Documents\Atmel Studio\7.0\AlienCake\AlienCake\ArduinoCore\Debug\libArduinoCore.a(wiring_digital.o)
                0x000000d0                port_to_input_PGM
 .progmem.data.port_to_output_PGM
                0x000000da        0xa C:\Users\Bunchu\Documents\Atmel Studio\7.0\AlienCake\AlienCake\ArduinoCore\Debug\libArduinoCore.a(wiring_digital.o)
                0x000000da                port_to_output_PGM
 .progmem.data.port_to_mode_PGM
                0x000000e4        0xa C:\Users\Bunchu\Documents\Atmel Studio\7.0\AlienCake\AlienCake\ArduinoCore\Debug\libArduinoCore.a(wiring_digital.o)
                0x000000e4                port_to_mode_PGM
                0x000000ee                . = ALIGN (0x2)
 *(.jumptables)
 *(.jumptables*)
 *(.lowtext)
 *(.lowtext*)
                0x000000ee                __ctors_start = .
 *(.ctors)
 .ctors         0x000000ee        0x2 sketch.o
 .ctors         0x000000f0        0x2 C:\Users\Bunchu\Documents\Atmel Studio\7.0\AlienCake\AlienCake\ArduinoCore\Debug\libArduinoCore.a(HardwareSerial0.o)
                0x000000f2                __ctors_end = .
                0x000000f2                __dtors_start = .
 *(.dtors)
 .dtors         0x000000f2        0x2 sketch.o
                0x000000f4                __dtors_end = .
 SORT(*)(.ctors)
 SORT(*)(.dtors)
 *(.init0)
 .init0         0x000000f4        0x0 F:/Atmel/Studio/7.0/Packs/atmel/ATmega_DFP/1.2.132/gcc/dev/atmega328p/avr5/crtatmega328p.o
                0x000000f4                __init
 *(.init0)
 *(.init1)
 *(.init1)
 *(.init2)
 .init2         0x000000f4        0xc F:/Atmel/Studio/7.0/Packs/atmel/ATmega_DFP/1.2.132/gcc/dev/atmega328p/avr5/crtatmega328p.o
 *(.init2)
 *(.init3)
 *(.init3)
 *(.init4)
 .init4         0x00000100       0x16 f:/atmel/studio/7.0/toolchain/avr8/avr8-gnu-toolchain/bin/../lib/gcc/avr/5.4.0/avr5\libgcc.a(_copy_data.o)
                0x00000100                __do_copy_data
 .init4         0x00000116       0x10 f:/atmel/studio/7.0/toolchain/avr8/avr8-gnu-toolchain/bin/../lib/gcc/avr/5.4.0/avr5\libgcc.a(_clear_bss.o)
                0x00000116                __do_clear_bss
 *(.init4)
 *(.init5)
 *(.init5)
 *(.init6)
 .init6         0x00000126       0x16 f:/atmel/studio/7.0/toolchain/avr8/avr8-gnu-toolchain/bin/../lib/gcc/avr/5.4.0/avr5\libgcc.a(_ctors.o)
                0x00000126                __do_global_ctors
 *(.init6)
 *(.init7)
 *(.init7)
 *(.init8)
 *(.init8)
 *(.init9)
 .init9         0x0000013c        0x8 F:/Atmel/Studio/7.0/Packs/atmel/ATmega_DFP/1.2.132/gcc/dev/atmega328p/avr5/crtatmega328p.o
 *(.init9)
 *(.text)
 .text          0x00000144        0x4 F:/Atmel/Studio/7.0/Packs/atmel/ATmega_DFP/1.2.132/gcc/dev/atmega328p/avr5/crtatmega328p.o
                0x00000144                __vector_22
                0x00000144                __vector_1
                0x00000144                __vector_24
                0x00000144                __vector_12
                0x00000144                __bad_interrupt
                0x00000144                __vector_6
                0x00000144                __vector_23
                0x00000144                __vector_25
                0x00000144                __vector_11
                0x00000144                __vector_13
                0x00000144                __vector_17
                0x00000144                __vector_7
                0x00000144                __vector_9
                0x00000144                __vector_2
                0x00000144                __vector_21
                0x00000144                __vector_15
                0x00000144                __vector_8
                0x00000144                __vector_14
                0x00000144                __vector_10
                0x00000144                __vector_20
                0x00000148                . = ALIGN (0x2)
 *(.text.*)
 .text.setup    0x00000148       0x4c sketch.o
                0x00000148                setup
 .text.loop     0x00000194       0x5a sketch.o
                0x00000194                loop
 .text.startup._GLOBAL__sub_I_led
                0x000001ee       0x1c sketch.o
 .text.exit._GLOBAL__sub_D_led
                0x0000020a        0x8 sketch.o
 .text._ZN10LedBlinkerC2Ei
                0x00000212        0xe src/LedBlinker.o
                0x00000212                _ZN10LedBlinkerC1Ei
                0x00000212                _ZN10LedBlinkerC2Ei
 .text._ZN10LedBlinkerD2Ev
                0x00000220        0x2 src/LedBlinker.o
                0x00000220                _ZN10LedBlinkerD2Ev
                0x00000220                _ZN10LedBlinkerD1Ev
 .text._ZN10LedBlinker6TurnOnEv
                0x00000222        0xa src/LedBlinker.o
                0x00000222                _ZN10LedBlinker6TurnOnEv
 .text._ZN10LedBlinker7TurnOffEv
                0x0000022c        0xa src/LedBlinker.o
                0x0000022c                _ZN10LedBlinker7TurnOffEv
 .text._ZN12LengthSensorC2Eii
                0x00000236       0x22 src/LengthSensor.o
                0x00000236                _ZN12LengthSensorC1Eii
                0x00000236                _ZN12LengthSensorC2Eii
 .text._ZN12LengthSensor4PingEv
                0x00000258       0x22 src/LengthSensor.o
                0x00000258                _ZN12LengthSensor4PingEv
 .text._ZN12LengthSensor7MeasureEv
                0x0000027a       0x8e src/LengthSensor.o
                0x0000027a                _ZN12LengthSensor7MeasureEv
 .text._ZN9Mp3Player9VolumeMaxEv
                0x00000308        0x8 src/Mp3Player.o
                0x00000308                _ZN9Mp3Player9VolumeMaxEv
 .text._ZN9Mp3PlayerC2Eii
                0x00000310       0xd2 src/Mp3Player.o
                0x00000310                _ZN9Mp3PlayerC2Eii
                0x00000310                _ZN9Mp3PlayerC1Eii
 .text._ZN9Mp3Player4PlayEv
                0x000003e2        0xa src/Mp3Player.o
                0x000003e2                _ZN9Mp3Player4PlayEv
 .text._ZN19DFRobotDFPlayerMini17calculateCheckSumEPh
                0x000003ec       0x20 C:\Users\Bunchu\Documents\Atmel Studio\7.0\AlienCake\AlienCake\ArduinoCore\Debug\libArduinoCore.a(DFRobotDFPlayerMini.o)
                0x000003ec                _ZN19DFRobotDFPlayerMini17calculateCheckSumEPh
 .text._ZN19DFRobotDFPlayerMini10parseStackEv
                0x0000040c       0xae C:\Users\Bunchu\Documents\Atmel Studio\7.0\AlienCake\AlienCake\ArduinoCore\Debug\libArduinoCore.a(DFRobotDFPlayerMini.o)
                0x0000040c                _ZN19DFRobotDFPlayerMini10parseStackEv
 .text._ZN19DFRobotDFPlayerMini13validateStackEv
                0x000004ba       0x30 C:\Users\Bunchu\Documents\Atmel Studio\7.0\AlienCake\AlienCake\ArduinoCore\Debug\libArduinoCore.a(DFRobotDFPlayerMini.o)
                0x000004ba                _ZN19DFRobotDFPlayerMini13validateStackEv
 .text._ZN19DFRobotDFPlayerMini9availableEv
                0x000004ea      0x108 C:\Users\Bunchu\Documents\Atmel Studio\7.0\AlienCake\AlienCake\ArduinoCore\Debug\libArduinoCore.a(DFRobotDFPlayerMini.o)
                0x000004ea                _ZN19DFRobotDFPlayerMini9availableEv
 .text._ZN19DFRobotDFPlayerMini9sendStackEv
                0x000005f2       0x60 C:\Users\Bunchu\Documents\Atmel Studio\7.0\AlienCake\AlienCake\ArduinoCore\Debug\libArduinoCore.a(DFRobotDFPlayerMini.o)
                0x000005f2                _ZN19DFRobotDFPlayerMini9sendStackEv
 .text._ZN19DFRobotDFPlayerMini9sendStackEhj
                0x00000652       0x24 C:\Users\Bunchu\Documents\Atmel Studio\7.0\AlienCake\AlienCake\ArduinoCore\Debug\libArduinoCore.a(DFRobotDFPlayerMini.o)
                0x00000652                _ZN19DFRobotDFPlayerMini9sendStackEhj
 .text._ZN19DFRobotDFPlayerMini9sendStackEh
                0x00000676        0x8 C:\Users\Bunchu\Documents\Atmel Studio\7.0\AlienCake\AlienCake\ArduinoCore\Debug\libArduinoCore.a(DFRobotDFPlayerMini.o)
                0x00000676                _ZN19DFRobotDFPlayerMini9sendStackEh
 .text._ZN19DFRobotDFPlayerMini13waitAvailableEv
                0x0000067e       0x24 C:\Users\Bunchu\Documents\Atmel Studio\7.0\AlienCake\AlienCake\ArduinoCore\Debug\libArduinoCore.a(DFRobotDFPlayerMini.o)
                0x0000067e                _ZN19DFRobotDFPlayerMini13waitAvailableEv
 .text._ZN19DFRobotDFPlayerMini6volumeEh
                0x000006a2        0xa C:\Users\Bunchu\Documents\Atmel Studio\7.0\AlienCake\AlienCake\ArduinoCore\Debug\libArduinoCore.a(DFRobotDFPlayerMini.o)
                0x000006a2                _ZN19DFRobotDFPlayerMini6volumeEh
 .text._ZN19DFRobotDFPlayerMini2EQEh
                0x000006ac        0xa C:\Users\Bunchu\Documents\Atmel Studio\7.0\AlienCake\AlienCake\ArduinoCore\Debug\libArduinoCore.a(DFRobotDFPlayerMini.o)
                0x000006ac                _ZN19DFRobotDFPlayerMini2EQEh
 .text._ZN19DFRobotDFPlayerMini12outputDeviceEh
                0x000006b6       0x16 C:\Users\Bunchu\Documents\Atmel Studio\7.0\AlienCake\AlienCake\ArduinoCore\Debug\libArduinoCore.a(DFRobotDFPlayerMini.o)
                0x000006b6                _ZN19DFRobotDFPlayerMini12outputDeviceEh
 .text._ZN19DFRobotDFPlayerMini5resetEv
                0x000006cc        0x6 C:\Users\Bunchu\Documents\Atmel Studio\7.0\AlienCake\AlienCake\ArduinoCore\Debug\libArduinoCore.a(DFRobotDFPlayerMini.o)
                0x000006cc                _ZN19DFRobotDFPlayerMini5resetEv
 .text._ZN19DFRobotDFPlayerMini5beginER6Streamb
                0x000006d2       0x7a C:\Users\Bunchu\Documents\Atmel Studio\7.0\AlienCake\AlienCake\ArduinoCore\Debug\libArduinoCore.a(DFRobotDFPlayerMini.o)
                0x000006d2                _ZN19DFRobotDFPlayerMini5beginER6Streamb
 .text._ZN19DFRobotDFPlayerMini13playMp3FolderEi
                0x0000074c        0x8 C:\Users\Bunchu\Documents\Atmel Studio\7.0\AlienCake\AlienCake\ArduinoCore\Debug\libArduinoCore.a(DFRobotDFPlayerMini.o)
                0x0000074c                _ZN19DFRobotDFPlayerMini13playMp3FolderEi
 .text._ZN14HardwareSerial9availableEv
                0x00000754       0x18 C:\Users\Bunchu\Documents\Atmel Studio\7.0\AlienCake\AlienCake\ArduinoCore\Debug\libArduinoCore.a(HardwareSerial.o)
                0x00000754                _ZN14HardwareSerial9availableEv
 .text._ZN14HardwareSerial4peekEv
                0x0000076c       0x1c C:\Users\Bunchu\Documents\Atmel Studio\7.0\AlienCake\AlienCake\ArduinoCore\Debug\libArduinoCore.a(HardwareSerial.o)
                0x0000076c                _ZN14HardwareSerial4peekEv
 .text._ZN14HardwareSerial4readEv
                0x00000788       0x28 C:\Users\Bunchu\Documents\Atmel Studio\7.0\AlienCake\AlienCake\ArduinoCore\Debug\libArduinoCore.a(HardwareSerial.o)
                0x00000788                _ZN14HardwareSerial4readEv
 .text._Z14serialEventRunv
                0x000007b0       0x1c C:\Users\Bunchu\Documents\Atmel Studio\7.0\AlienCake\AlienCake\ArduinoCore\Debug\libArduinoCore.a(HardwareSerial.o)
                0x000007b0                _Z14serialEventRunv
 .text._ZN14HardwareSerial17_tx_udr_empty_irqEv
                0x000007cc       0x42 C:\Users\Bunchu\Documents\Atmel Studio\7.0\AlienCake\AlienCake\ArduinoCore\Debug\libArduinoCore.a(HardwareSerial.o)
                0x000007cc                _ZN14HardwareSerial17_tx_udr_empty_irqEv
 .text._ZN14HardwareSerial5writeEh
                0x0000080e       0x8e C:\Users\Bunchu\Documents\Atmel Studio\7.0\AlienCake\AlienCake\ArduinoCore\Debug\libArduinoCore.a(HardwareSerial.o)
                0x0000080e                _ZN14HardwareSerial5writeEh
 .text._ZN14HardwareSerial5flushEv
                0x0000089c       0x44 C:\Users\Bunchu\Documents\Atmel Studio\7.0\AlienCake\AlienCake\ArduinoCore\Debug\libArduinoCore.a(HardwareSerial.o)
                0x0000089c                _ZN14HardwareSerial5flushEv
 .text._ZN14HardwareSerial5beginEmh
                0x000008e0       0xca C:\Users\Bunchu\Documents\Atmel Studio\7.0\AlienCake\AlienCake\ArduinoCore\Debug\libArduinoCore.a(HardwareSerial.o)
                0x000008e0                _ZN14HardwareSerial5beginEmh
 .text.__vector_18
                0x000009aa       0x64 C:\Users\Bunchu\Documents\Atmel Studio\7.0\AlienCake\AlienCake\ArduinoCore\Debug\libArduinoCore.a(HardwareSerial0.o)
                0x000009aa                __vector_18
 .text.__vector_19
                0x00000a0e       0x4c C:\Users\Bunchu\Documents\Atmel Studio\7.0\AlienCake\AlienCake\ArduinoCore\Debug\libArduinoCore.a(HardwareSerial0.o)
                0x00000a0e                __vector_19
 .text._Z17Serial0_availablev
                0x00000a5a       0x14 C:\Users\Bunchu\Documents\Atmel Studio\7.0\AlienCake\AlienCake\ArduinoCore\Debug\libArduinoCore.a(HardwareSerial0.o)
                0x00000a5a                _Z17Serial0_availablev
 .text.startup._GLOBAL__sub_I___vector_18
                0x00000a6e       0x5a C:\Users\Bunchu\Documents\Atmel Studio\7.0\AlienCake\AlienCake\ArduinoCore\Debug\libArduinoCore.a(HardwareSerial0.o)
 .text.initVariant
                0x00000ac8        0x2 C:\Users\Bunchu\Documents\Atmel Studio\7.0\AlienCake\AlienCake\ArduinoCore\Debug\libArduinoCore.a(main.o)
                0x00000ac8                initVariant
 .text.startup.main
                0x00000aca       0x1e C:\Users\Bunchu\Documents\Atmel Studio\7.0\AlienCake\AlienCake\ArduinoCore\Debug\libArduinoCore.a(main.o)
                0x00000aca                main
 .text._Znwj    0x00000ae8        0x4 C:\Users\Bunchu\Documents\Atmel Studio\7.0\AlienCake\AlienCake\ArduinoCore\Debug\libArduinoCore.a(new.o)
                0x00000ae8                _Znwj
 .text._ZN5Print5writeEPKhj
                0x00000aec       0x54 C:\Users\Bunchu\Documents\Atmel Studio\7.0\AlienCake\AlienCake\ArduinoCore\Debug\libArduinoCore.a(Print.o)
                0x00000aec                _ZN5Print5writeEPKhj
 .text._ZN5Print5writeEPKc
                0x00000b40       0x2a C:\Users\Bunchu\Documents\Atmel Studio\7.0\AlienCake\AlienCake\ArduinoCore\Debug\libArduinoCore.a(Print.o)
                0x00000b40                _ZN5Print5writeEPKc
 .text._ZN5Print5printEc
                0x00000b6a        0xe C:\Users\Bunchu\Documents\Atmel Studio\7.0\AlienCake\AlienCake\ArduinoCore\Debug\libArduinoCore.a(Print.o)
                0x00000b6a                _ZN5Print5printEc
 .text._ZN5Print7printlnEv
                0x00000b78        0x8 C:\Users\Bunchu\Documents\Atmel Studio\7.0\AlienCake\AlienCake\ArduinoCore\Debug\libArduinoCore.a(Print.o)
                0x00000b78                _ZN5Print7printlnEv
 .text._ZN5Print7printlnEPKc
                0x00000b80       0x24 C:\Users\Bunchu\Documents\Atmel Studio\7.0\AlienCake\AlienCake\ArduinoCore\Debug\libArduinoCore.a(Print.o)
                0x00000b80                _ZN5Print7printlnEPKc
 .text._ZN5Print11printNumberEmh
                0x00000ba4       0x92 C:\Users\Bunchu\Documents\Atmel Studio\7.0\AlienCake\AlienCake\ArduinoCore\Debug\libArduinoCore.a(Print.o)
                0x00000ba4                _ZN5Print11printNumberEmh
 .text._ZN5Print5printEmi
                0x00000c36       0x1a C:\Users\Bunchu\Documents\Atmel Studio\7.0\AlienCake\AlienCake\ArduinoCore\Debug\libArduinoCore.a(Print.o)
                0x00000c36                _ZN5Print5printEmi
 .text._ZN5Print7printlnEmi
                0x00000c50       0x24 C:\Users\Bunchu\Documents\Atmel Studio\7.0\AlienCake\AlienCake\ArduinoCore\Debug\libArduinoCore.a(Print.o)
                0x00000c50                _ZN5Print7printlnEmi
 .text._ZN5Print5printEli
                0x00000c74       0x90 C:\Users\Bunchu\Documents\Atmel Studio\7.0\AlienCake\AlienCake\ArduinoCore\Debug\libArduinoCore.a(Print.o)
                0x00000c74                _ZN5Print5printEli
 .text._ZN5Print5printEii
                0x00000d04        0xe C:\Users\Bunchu\Documents\Atmel Studio\7.0\AlienCake\AlienCake\ArduinoCore\Debug\libArduinoCore.a(Print.o)
                0x00000d04                _ZN5Print5printEii
 .text._ZN5Print7printlnEii
                0x00000d12       0x24 C:\Users\Bunchu\Documents\Atmel Studio\7.0\AlienCake\AlienCake\ArduinoCore\Debug\libArduinoCore.a(Print.o)
                0x00000d12                _ZN5Print7printlnEii
 .text.__vector_16
                0x00000d36       0x94 C:\Users\Bunchu\Documents\Atmel Studio\7.0\AlienCake\AlienCake\ArduinoCore\Debug\libArduinoCore.a(wiring.o)
                0x00000d36                __vector_16
 .text.millis   0x00000dca       0x18 C:\Users\Bunchu\Documents\Atmel Studio\7.0\AlienCake\AlienCake\ArduinoCore\Debug\libArduinoCore.a(wiring.o)
                0x00000dca                millis
 .text.micros   0x00000de2       0x4a C:\Users\Bunchu\Documents\Atmel Studio\7.0\AlienCake\AlienCake\ArduinoCore\Debug\libArduinoCore.a(wiring.o)
                0x00000de2                micros
 .text.delay    0x00000e2c       0x78 C:\Users\Bunchu\Documents\Atmel Studio\7.0\AlienCake\AlienCake\ArduinoCore\Debug\libArduinoCore.a(wiring.o)
                0x00000e2c                delay
 .text.delayMicroseconds
                0x00000ea4       0x16 C:\Users\Bunchu\Documents\Atmel Studio\7.0\AlienCake\AlienCake\ArduinoCore\Debug\libArduinoCore.a(wiring.o)
                0x00000ea4                delayMicroseconds
 .text.init     0x00000eba       0x76 C:\Users\Bunchu\Documents\Atmel Studio\7.0\AlienCake\AlienCake\ArduinoCore\Debug\libArduinoCore.a(wiring.o)
                0x00000eba                init
 .text.turnOffPWM
                0x00000f30       0x52 C:\Users\Bunchu\Documents\Atmel Studio\7.0\AlienCake\AlienCake\ArduinoCore\Debug\libArduinoCore.a(wiring_digital.o)
 .text.pinMode  0x00000f82       0x78 C:\Users\Bunchu\Documents\Atmel Studio\7.0\AlienCake\AlienCake\ArduinoCore\Debug\libArduinoCore.a(wiring_digital.o)
                0x00000f82                pinMode
 .text.digitalWrite
                0x00000ffa       0x5e C:\Users\Bunchu\Documents\Atmel Studio\7.0\AlienCake\AlienCake\ArduinoCore\Debug\libArduinoCore.a(wiring_digital.o)
                0x00000ffa                digitalWrite
 .text.digitalRead
                0x00001058       0x52 C:\Users\Bunchu\Documents\Atmel Studio\7.0\AlienCake\AlienCake\ArduinoCore\Debug\libArduinoCore.a(wiring_digital.o)
                0x00001058                digitalRead
 .text._ZN14SoftwareSerial4readEv
                0x000010aa       0x42 C:\Users\Bunchu\Documents\Atmel Studio\7.0\AlienCake\AlienCake\ArduinoCore\Debug\libArduinoCore.a(SoftwareSerial.o)
                0x000010aa                _ZN14SoftwareSerial4readEv
 .text._ZN14SoftwareSerial5writeEh
                0x000010ec       0xa0 C:\Users\Bunchu\Documents\Atmel Studio\7.0\AlienCake\AlienCake\ArduinoCore\Debug\libArduinoCore.a(SoftwareSerial.o)
                0x000010ec                _ZN14SoftwareSerial5writeEh
 .text._ZN14SoftwareSerial5flushEv
                0x0000118c        0x2 C:\Users\Bunchu\Documents\Atmel Studio\7.0\AlienCake\AlienCake\ArduinoCore\Debug\libArduinoCore.a(SoftwareSerial.o)
                0x0000118c                _ZN14SoftwareSerial5flushEv
 .text._ZN14SoftwareSerial4peekEv
                0x0000118e       0x30 C:\Users\Bunchu\Documents\Atmel Studio\7.0\AlienCake\AlienCake\ArduinoCore\Debug\libArduinoCore.a(SoftwareSerial.o)
                0x0000118e                _ZN14SoftwareSerial4peekEv
 .text._ZN14SoftwareSerial9availableEv
                0x000011be       0x30 C:\Users\Bunchu\Documents\Atmel Studio\7.0\AlienCake\AlienCake\ArduinoCore\Debug\libArduinoCore.a(SoftwareSerial.o)
                0x000011be                _ZN14SoftwareSerial9availableEv
 .text._ZN14SoftwareSerial13stopListeningEv
                0x000011ee       0x2c C:\Users\Bunchu\Documents\Atmel Studio\7.0\AlienCake\AlienCake\ArduinoCore\Debug\libArduinoCore.a(SoftwareSerial.o)
                0x000011ee                _ZN14SoftwareSerial13stopListeningEv
 .text._ZN14SoftwareSerial6listenEv
                0x0000121a       0x52 C:\Users\Bunchu\Documents\Atmel Studio\7.0\AlienCake\AlienCake\ArduinoCore\Debug\libArduinoCore.a(SoftwareSerial.o)
                0x0000121a                _ZN14SoftwareSerial6listenEv
 .text.__vector_3
                0x0000126c       0xf4 C:\Users\Bunchu\Documents\Atmel Studio\7.0\AlienCake\AlienCake\ArduinoCore\Debug\libArduinoCore.a(SoftwareSerial.o)
                0x0000126c                __vector_5
                0x0000126c                __vector_4
                0x0000126c                __vector_3
 .text._ZN14SoftwareSerial5setTXEh
                0x00001360       0x52 C:\Users\Bunchu\Documents\Atmel Studio\7.0\AlienCake\AlienCake\ArduinoCore\Debug\libArduinoCore.a(SoftwareSerial.o)
                0x00001360                _ZN14SoftwareSerial5setTXEh
 .text._ZN14SoftwareSerial5setRXEh
                0x000013b2       0x52 C:\Users\Bunchu\Documents\Atmel Studio\7.0\AlienCake\AlienCake\ArduinoCore\Debug\libArduinoCore.a(SoftwareSerial.o)
                0x000013b2                _ZN14SoftwareSerial5setRXEh
 .text._ZN14SoftwareSerialC2Ehhb
                0x00001404       0x56 C:\Users\Bunchu\Documents\Atmel Studio\7.0\AlienCake\AlienCake\ArduinoCore\Debug\libArduinoCore.a(SoftwareSerial.o)
                0x00001404                _ZN14SoftwareSerialC1Ehhb
                0x00001404                _ZN14SoftwareSerialC2Ehhb
 .text._ZN14SoftwareSerial5beginEl
                0x0000145a      0x11c C:\Users\Bunchu\Documents\Atmel Studio\7.0\AlienCake\AlienCake\ArduinoCore\Debug\libArduinoCore.a(SoftwareSerial.o)
                0x0000145a                _ZN14SoftwareSerial5beginEl
 .text.__empty  0x00001576        0x2 C:\Users\Bunchu\Documents\Atmel Studio\7.0\AlienCake\AlienCake\ArduinoCore\Debug\libArduinoCore.a(hooks.o)
                0x00001576                yield
 .text.libgcc.div
                0x00001578       0x28 f:/atmel/studio/7.0/toolchain/avr8/avr8-gnu-toolchain/bin/../lib/gcc/avr/5.4.0/avr5\libgcc.a(_divmodhi4.o)
                0x00001578                _div
                0x00001578                __divmodhi4
 .text.libgcc.div
                0x000015a0       0x44 f:/atmel/studio/7.0/toolchain/avr8/avr8-gnu-toolchain/bin/../lib/gcc/avr/5.4.0/avr5\libgcc.a(_udivmodsi4.o)
                0x000015a0                __udivmodsi4
 .text.libgcc.div
                0x000015e4       0x2e f:/atmel/studio/7.0/toolchain/avr8/avr8-gnu-toolchain/bin/../lib/gcc/avr/5.4.0/avr5\libgcc.a(_divmodsi4.o)
                0x000015e4                __divmodsi4
 .text.libgcc.div
                0x00001612       0x10 f:/atmel/studio/7.0/toolchain/avr8/avr8-gnu-toolchain/bin/../lib/gcc/avr/5.4.0/avr5\libgcc.a(_negsi2.o)
                0x00001612                __negsi2
 .text.libgcc   0x00001622        0xc f:/atmel/studio/7.0/toolchain/avr8/avr8-gnu-toolchain/bin/../lib/gcc/avr/5.4.0/avr5\libgcc.a(_tablejump2.o)
                0x00001622                __tablejump2__
 .text.libgcc.mul
                0x0000162e       0x16 f:/atmel/studio/7.0/toolchain/avr8/avr8-gnu-toolchain/bin/../lib/gcc/avr/5.4.0/avr5\libgcc.a(_muluhisi3.o)
                0x0000162e                __muluhisi3
 .text.libgcc.div
                0x00001644       0x28 f:/atmel/studio/7.0/toolchain/avr8/avr8-gnu-toolchain/bin/../lib/gcc/avr/5.4.0/avr5\libgcc.a(_udivmodhi4.o)
                0x00001644                __udivmodhi4
 .text.libgcc.mul
                0x0000166c       0x1e f:/atmel/studio/7.0/toolchain/avr8/avr8-gnu-toolchain/bin/../lib/gcc/avr/5.4.0/avr5\libgcc.a(_umulhisi3.o)
                0x0000166c                __umulhisi3
 .text.avr-libc
                0x0000168a      0x242 f:/atmel/studio/7.0/toolchain/avr8/avr8-gnu-toolchain/bin/../lib/gcc/avr/5.4.0/../../../../avr/lib/avr5\libc.a(malloc.o)
                0x0000168a                malloc
                0x000017ba                free
                0x000018cc                . = ALIGN (0x2)
 *(.fini9)
 .fini9         0x000018cc        0x0 f:/atmel/studio/7.0/toolchain/avr8/avr8-gnu-toolchain/bin/../lib/gcc/avr/5.4.0/avr5\libgcc.a(_exit.o)
                0x000018cc                _exit
                0x000018cc                exit
 *(.fini9)
 *(.fini8)
 *(.fini8)
 *(.fini7)
 *(.fini7)
 *(.fini6)
 .fini6         0x000018cc       0x16 f:/atmel/studio/7.0/toolchain/avr8/avr8-gnu-toolchain/bin/../lib/gcc/avr/5.4.0/avr5\libgcc.a(_dtors.o)
                0x000018cc                __do_global_dtors
 *(.fini6)
 *(.fini5)
 *(.fini5)
 *(.fini4)
 *(.fini4)
 *(.fini3)
 *(.fini3)
 *(.fini2)
 *(.fini2)
 *(.fini1)
 *(.fini1)
 *(.fini0)
 .fini0         0x000018e2        0x4 f:/atmel/studio/7.0/toolchain/avr8/avr8-gnu-toolchain/bin/../lib/gcc/avr/5.4.0/avr5\libgcc.a(_exit.o)
 *(.fini0)
                0x000018e6                _etext = .

.data           0x00800100       0xd6 load address 0x000018e6
                0x00800100                PROVIDE (__data_start, .)
 *(.data)
 .data          0x00800100        0x6 f:/atmel/studio/7.0/toolchain/avr8/avr8-gnu-toolchain/bin/../lib/gcc/avr/5.4.0/../../../../avr/lib/avr5\libc.a(malloc.o)
                0x00800100                __malloc_heap_end
                0x00800102                __malloc_heap_start
                0x00800104                __malloc_margin
 *(.data*)
 *(.rodata)
 .rodata        0x00800106        0xa src/Mp3Player.o
 *(.rodata*)
 .rodata.str1.1
                0x00800110       0x35 sketch.o
 .rodata.str1.1
                0x00800145       0x62 src/Mp3Player.o
 .rodata._ZTV14HardwareSerial
                0x008001a7       0x10 C:\Users\Bunchu\Documents\Atmel Studio\7.0\AlienCake\AlienCake\ArduinoCore\Debug\libArduinoCore.a(HardwareSerial.o)
                0x008001a7                _ZTV14HardwareSerial
 .rodata.str1.1
                0x008001b7        0xf C:\Users\Bunchu\Documents\Atmel Studio\7.0\AlienCake\AlienCake\ArduinoCore\Debug\libArduinoCore.a(Print.o)
 .rodata._ZTV14SoftwareSerial
                0x008001c6       0x10 C:\Users\Bunchu\Documents\Atmel Studio\7.0\AlienCake\AlienCake\ArduinoCore\Debug\libArduinoCore.a(SoftwareSerial.o)
                0x008001c6                _ZTV14SoftwareSerial
 *(.gnu.linkonce.d*)
                0x008001d6                . = ALIGN (0x2)
                0x008001d6                _edata = .
                0x008001d6                PROVIDE (__data_end, .)

.bss            0x008001d6       0xf6
                0x008001d6                PROVIDE (__bss_start, .)
 *(.bss)
 *(.bss*)
 .bss.mp3       0x008001d6        0x2 sketch.o
                0x008001d6                mp3
 .bss.sensor    0x008001d8        0x4 sketch.o
                0x008001d8                sensor
 .bss.led       0x008001dc        0x2 sketch.o
                0x008001dc                led
 .bss.Serial    0x008001de       0x9d C:\Users\Bunchu\Documents\Atmel Studio\7.0\AlienCake\AlienCake\ArduinoCore\Debug\libArduinoCore.a(HardwareSerial0.o)
                0x008001de                Serial
 .bss.timer0_fract
                0x0080027b        0x1 C:\Users\Bunchu\Documents\Atmel Studio\7.0\AlienCake\AlienCake\ArduinoCore\Debug\libArduinoCore.a(wiring.o)
 .bss.timer0_millis
                0x0080027c        0x4 C:\Users\Bunchu\Documents\Atmel Studio\7.0\AlienCake\AlienCake\ArduinoCore\Debug\libArduinoCore.a(wiring.o)
                0x0080027c                timer0_millis
 .bss.timer0_overflow_count
                0x00800280        0x4 C:\Users\Bunchu\Documents\Atmel Studio\7.0\AlienCake\AlienCake\ArduinoCore\Debug\libArduinoCore.a(wiring.o)
                0x00800280                timer0_overflow_count
 .bss._ZN14SoftwareSerial20_receive_buffer_headE
                0x00800284        0x1 C:\Users\Bunchu\Documents\Atmel Studio\7.0\AlienCake\AlienCake\ArduinoCore\Debug\libArduinoCore.a(SoftwareSerial.o)
                0x00800284                _ZN14SoftwareSerial20_receive_buffer_headE
 .bss._ZN14SoftwareSerial20_receive_buffer_tailE
                0x00800285        0x1 C:\Users\Bunchu\Documents\Atmel Studio\7.0\AlienCake\AlienCake\ArduinoCore\Debug\libArduinoCore.a(SoftwareSerial.o)
                0x00800285                _ZN14SoftwareSerial20_receive_buffer_tailE
 .bss._ZN14SoftwareSerial15_receive_bufferE
                0x00800286       0x40 C:\Users\Bunchu\Documents\Atmel Studio\7.0\AlienCake\AlienCake\ArduinoCore\Debug\libArduinoCore.a(SoftwareSerial.o)
                0x00800286                _ZN14SoftwareSerial15_receive_bufferE
 .bss._ZN14SoftwareSerial13active_objectE
                0x008002c6        0x2 C:\Users\Bunchu\Documents\Atmel Studio\7.0\AlienCake\AlienCake\ArduinoCore\Debug\libArduinoCore.a(SoftwareSerial.o)
                0x008002c6                _ZN14SoftwareSerial13active_objectE
 *(COMMON)
 COMMON         0x008002c8        0x4 f:/atmel/studio/7.0/toolchain/avr8/avr8-gnu-toolchain/bin/../lib/gcc/avr/5.4.0/../../../../avr/lib/avr5\libc.a(malloc.o)
                0x008002c8                __brkval
                0x008002ca                __flp
                0x008002cc                PROVIDE (__bss_end, .)
                0x000018e6                __data_load_start = LOADADDR (.data)
                0x000019bc                __data_load_end = (__data_load_start + SIZEOF (.data))

.noinit         0x008002cc        0x0
                [!provide]                PROVIDE (__noinit_start, .)
 *(.noinit*)
                [!provide]                PROVIDE (__noinit_end, .)
                0x008002cc                _end = .
                0x008002cc                PROVIDE (__heap_start, .)

.eeprom         0x00810000        0x0
 *(.eeprom*)
                0x00810000                __eeprom_end = .

.fuse
 *(.fuse)
 *(.lfuse)
 *(.hfuse)
 *(.efuse)

.lock
 *(.lock*)

.signature
 *(.signature*)

.user_signatures
 *(.user_signatures*)

.stab
 *(.stab)

.stabstr
 *(.stabstr)

.stab.excl
 *(.stab.excl)

.stab.exclstr
 *(.stab.exclstr)

.stab.index
 *(.stab.index)

.stab.indexstr
 *(.stab.indexstr)

.comment        0x00000000       0x30
 *(.comment)
 .comment       0x00000000       0x30 sketch.o
                                 0x31 (size before relaxing)
 .comment       0x00000030       0x31 src/LedBlinker.o
 .comment       0x00000030       0x31 src/LengthSensor.o
 .comment       0x00000030       0x31 src/Mp3Player.o
 .comment       0x00000030       0x31 C:\Users\Bunchu\Documents\Atmel Studio\7.0\AlienCake\AlienCake\ArduinoCore\Debug\libArduinoCore.a(DFRobotDFPlayerMini.o)
 .comment       0x00000030       0x31 C:\Users\Bunchu\Documents\Atmel Studio\7.0\AlienCake\AlienCake\ArduinoCore\Debug\libArduinoCore.a(HardwareSerial.o)
 .comment       0x00000030       0x31 C:\Users\Bunchu\Documents\Atmel Studio\7.0\AlienCake\AlienCake\ArduinoCore\Debug\libArduinoCore.a(HardwareSerial0.o)
 .comment       0x00000030       0x31 C:\Users\Bunchu\Documents\Atmel Studio\7.0\AlienCake\AlienCake\ArduinoCore\Debug\libArduinoCore.a(main.o)
 .comment       0x00000030       0x31 C:\Users\Bunchu\Documents\Atmel Studio\7.0\AlienCake\AlienCake\ArduinoCore\Debug\libArduinoCore.a(new.o)
 .comment       0x00000030       0x31 C:\Users\Bunchu\Documents\Atmel Studio\7.0\AlienCake\AlienCake\ArduinoCore\Debug\libArduinoCore.a(Print.o)
 .comment       0x00000030       0x31 C:\Users\Bunchu\Documents\Atmel Studio\7.0\AlienCake\AlienCake\ArduinoCore\Debug\libArduinoCore.a(wiring.o)
 .comment       0x00000030       0x31 C:\Users\Bunchu\Documents\Atmel Studio\7.0\AlienCake\AlienCake\ArduinoCore\Debug\libArduinoCore.a(wiring_digital.o)
 .comment       0x00000030       0x31 C:\Users\Bunchu\Documents\Atmel Studio\7.0\AlienCake\AlienCake\ArduinoCore\Debug\libArduinoCore.a(SoftwareSerial.o)
 .comment       0x00000030       0x31 C:\Users\Bunchu\Documents\Atmel Studio\7.0\AlienCake\AlienCake\ArduinoCore\Debug\libArduinoCore.a(hooks.o)
 .comment       0x00000030       0x31 f:/atmel/studio/7.0/toolchain/avr8/avr8-gnu-toolchain/bin/../lib/gcc/avr/5.4.0/../../../../avr/lib/avr5\libc.a(malloc.o)

.note.gnu.avr.deviceinfo
                0x00000000       0x40
 .note.gnu.avr.deviceinfo
                0x00000000       0x40 F:/Atmel/Studio/7.0/Packs/atmel/ATmega_DFP/1.2.132/gcc/dev/atmega328p/avr5/crtatmega328p.o

.note.gnu.build-id
 *(.note.gnu.build-id)

.debug
 *(.debug)

.line
 *(.line)

.debug_srcinfo
 *(.debug_srcinfo)

.debug_sfnames
 *(.debug_sfnames)

.debug_aranges  0x00000000      0x5d8
 *(.debug_aranges)
 .debug_aranges
                0x00000000       0x38 sketch.o
 .debug_aranges
                0x00000038       0x38 src/LedBlinker.o
 .debug_aranges
                0x00000070       0x30 src/LengthSensor.o
 .debug_aranges
                0x000000a0       0x40 src/Mp3Player.o
 .debug_aranges
                0x000000e0      0x1d8 C:\Users\Bunchu\Documents\Atmel Studio\7.0\AlienCake\AlienCake\ArduinoCore\Debug\libArduinoCore.a(DFRobotDFPlayerMini.o)
 .debug_aranges
                0x000002b8       0x68 C:\Users\Bunchu\Documents\Atmel Studio\7.0\AlienCake\AlienCake\ArduinoCore\Debug\libArduinoCore.a(HardwareSerial.o)
 .debug_aranges
                0x00000320       0x38 C:\Users\Bunchu\Documents\Atmel Studio\7.0\AlienCake\AlienCake\ArduinoCore\Debug\libArduinoCore.a(HardwareSerial0.o)
 .debug_aranges
                0x00000358       0x30 C:\Users\Bunchu\Documents\Atmel Studio\7.0\AlienCake\AlienCake\ArduinoCore\Debug\libArduinoCore.a(main.o)
 .debug_aranges
                0x00000388       0x28 C:\Users\Bunchu\Documents\Atmel Studio\7.0\AlienCake\AlienCake\ArduinoCore\Debug\libArduinoCore.a(new.o)
 .debug_aranges
                0x000003b0       0xf0 C:\Users\Bunchu\Documents\Atmel Studio\7.0\AlienCake\AlienCake\ArduinoCore\Debug\libArduinoCore.a(Print.o)
 .debug_aranges
                0x000004a0       0x48 C:\Users\Bunchu\Documents\Atmel Studio\7.0\AlienCake\AlienCake\ArduinoCore\Debug\libArduinoCore.a(wiring.o)
 .debug_aranges
                0x000004e8       0x38 C:\Users\Bunchu\Documents\Atmel Studio\7.0\AlienCake\AlienCake\ArduinoCore\Debug\libArduinoCore.a(wiring_digital.o)
 .debug_aranges
                0x00000520       0x98 C:\Users\Bunchu\Documents\Atmel Studio\7.0\AlienCake\AlienCake\ArduinoCore\Debug\libArduinoCore.a(SoftwareSerial.o)
 .debug_aranges
                0x000005b8       0x20 C:\Users\Bunchu\Documents\Atmel Studio\7.0\AlienCake\AlienCake\ArduinoCore\Debug\libArduinoCore.a(hooks.o)

.debug_pubnames
 *(.debug_pubnames)

.debug_info     0x00000000    0x12504
 *(.debug_info .gnu.linkonce.wi.*)
 .debug_info    0x00000000      0x5f4 F:/Atmel/Studio/7.0/Packs/atmel/ATmega_DFP/1.2.132/gcc/dev/atmega328p/avr5/crtatmega328p.o
 .debug_info    0x000005f4     0x24f9 sketch.o
 .debug_info    0x00002aed      0x34d src/LedBlinker.o
 .debug_info    0x00002e3a      0x47a src/LengthSensor.o
 .debug_info    0x000032b4     0x242e src/Mp3Player.o
 .debug_info    0x000056e2     0x37b7 C:\Users\Bunchu\Documents\Atmel Studio\7.0\AlienCake\AlienCake\ArduinoCore\Debug\libArduinoCore.a(DFRobotDFPlayerMini.o)
 .debug_info    0x00008e99     0x1ea5 C:\Users\Bunchu\Documents\Atmel Studio\7.0\AlienCake\AlienCake\ArduinoCore\Debug\libArduinoCore.a(HardwareSerial.o)
 .debug_info    0x0000ad3e     0x1a99 C:\Users\Bunchu\Documents\Atmel Studio\7.0\AlienCake\AlienCake\ArduinoCore\Debug\libArduinoCore.a(HardwareSerial0.o)
 .debug_info    0x0000c7d7      0x237 C:\Users\Bunchu\Documents\Atmel Studio\7.0\AlienCake\AlienCake\ArduinoCore\Debug\libArduinoCore.a(main.o)
 .debug_info    0x0000ca0e      0x11c C:\Users\Bunchu\Documents\Atmel Studio\7.0\AlienCake\AlienCake\ArduinoCore\Debug\libArduinoCore.a(new.o)
 .debug_info    0x0000cb2a     0x285e C:\Users\Bunchu\Documents\Atmel Studio\7.0\AlienCake\AlienCake\ArduinoCore\Debug\libArduinoCore.a(Print.o)
 .debug_info    0x0000f388      0x2cb C:\Users\Bunchu\Documents\Atmel Studio\7.0\AlienCake\AlienCake\ArduinoCore\Debug\libArduinoCore.a(wiring.o)
 .debug_info    0x0000f653      0x5fe C:\Users\Bunchu\Documents\Atmel Studio\7.0\AlienCake\AlienCake\ArduinoCore\Debug\libArduinoCore.a(wiring_digital.o)
 .debug_info    0x0000fc51     0x2875 C:\Users\Bunchu\Documents\Atmel Studio\7.0\AlienCake\AlienCake\ArduinoCore\Debug\libArduinoCore.a(SoftwareSerial.o)
 .debug_info    0x000124c6       0x3e C:\Users\Bunchu\Documents\Atmel Studio\7.0\AlienCake\AlienCake\ArduinoCore\Debug\libArduinoCore.a(hooks.o)

.debug_abbrev   0x00000000     0x2ce8
 *(.debug_abbrev)
 .debug_abbrev  0x00000000      0x5a2 F:/Atmel/Studio/7.0/Packs/atmel/ATmega_DFP/1.2.132/gcc/dev/atmega328p/avr5/crtatmega328p.o
 .debug_abbrev  0x000005a2      0x449 sketch.o
 .debug_abbrev  0x000009eb      0x185 src/LedBlinker.o
 .debug_abbrev  0x00000b70      0x204 src/LengthSensor.o
 .debug_abbrev  0x00000d74      0x3c8 src/Mp3Player.o
 .debug_abbrev  0x0000113c      0x49c C:\Users\Bunchu\Documents\Atmel Studio\7.0\AlienCake\AlienCake\ArduinoCore\Debug\libArduinoCore.a(DFRobotDFPlayerMini.o)
 .debug_abbrev  0x000015d8      0x432 C:\Users\Bunchu\Documents\Atmel Studio\7.0\AlienCake\AlienCake\ArduinoCore\Debug\libArduinoCore.a(HardwareSerial.o)
 .debug_abbrev  0x00001a0a      0x3a2 C:\Users\Bunchu\Documents\Atmel Studio\7.0\AlienCake\AlienCake\ArduinoCore\Debug\libArduinoCore.a(HardwareSerial0.o)
 .debug_abbrev  0x00001dac      0x12d C:\Users\Bunchu\Documents\Atmel Studio\7.0\AlienCake\AlienCake\ArduinoCore\Debug\libArduinoCore.a(main.o)
 .debug_abbrev  0x00001ed9       0xce C:\Users\Bunchu\Documents\Atmel Studio\7.0\AlienCake\AlienCake\ArduinoCore\Debug\libArduinoCore.a(new.o)
 .debug_abbrev  0x00001fa7      0x469 C:\Users\Bunchu\Documents\Atmel Studio\7.0\AlienCake\AlienCake\ArduinoCore\Debug\libArduinoCore.a(Print.o)
 .debug_abbrev  0x00002410      0x146 C:\Users\Bunchu\Documents\Atmel Studio\7.0\AlienCake\AlienCake\ArduinoCore\Debug\libArduinoCore.a(wiring.o)
 .debug_abbrev  0x00002556      0x15b C:\Users\Bunchu\Documents\Atmel Studio\7.0\AlienCake\AlienCake\ArduinoCore\Debug\libArduinoCore.a(wiring_digital.o)
 .debug_abbrev  0x000026b1      0x60d C:\Users\Bunchu\Documents\Atmel Studio\7.0\AlienCake\AlienCake\ArduinoCore\Debug\libArduinoCore.a(SoftwareSerial.o)
 .debug_abbrev  0x00002cbe       0x2a C:\Users\Bunchu\Documents\Atmel Studio\7.0\AlienCake\AlienCake\ArduinoCore\Debug\libArduinoCore.a(hooks.o)

.debug_line     0x00000000     0x3106
 *(.debug_line .debug_line.* .debug_line_end)
 .debug_line    0x00000000      0x133 F:/Atmel/Studio/7.0/Packs/atmel/ATmega_DFP/1.2.132/gcc/dev/atmega328p/avr5/crtatmega328p.o
 .debug_line    0x00000133      0x326 sketch.o
 .debug_line    0x00000459      0x175 src/LedBlinker.o
 .debug_line    0x000005ce      0x254 src/LengthSensor.o
 .debug_line    0x00000822      0x336 src/Mp3Player.o
 .debug_line    0x00000b58      0xa99 C:\Users\Bunchu\Documents\Atmel Studio\7.0\AlienCake\AlienCake\ArduinoCore\Debug\libArduinoCore.a(DFRobotDFPlayerMini.o)
 .debug_line    0x000015f1      0x406 C:\Users\Bunchu\Documents\Atmel Studio\7.0\AlienCake\AlienCake\ArduinoCore\Debug\libArduinoCore.a(HardwareSerial.o)
 .debug_line    0x000019f7      0x237 C:\Users\Bunchu\Documents\Atmel Studio\7.0\AlienCake\AlienCake\ArduinoCore\Debug\libArduinoCore.a(HardwareSerial0.o)
 .debug_line    0x00001c2e      0x159 C:\Users\Bunchu\Documents\Atmel Studio\7.0\AlienCake\AlienCake\ArduinoCore\Debug\libArduinoCore.a(main.o)
 .debug_line    0x00001d87      0x107 C:\Users\Bunchu\Documents\Atmel Studio\7.0\AlienCake\AlienCake\ArduinoCore\Debug\libArduinoCore.a(new.o)
 .debug_line    0x00001e8e      0x606 C:\Users\Bunchu\Documents\Atmel Studio\7.0\AlienCake\AlienCake\ArduinoCore\Debug\libArduinoCore.a(Print.o)
 .debug_line    0x00002494      0x28d C:\Users\Bunchu\Documents\Atmel Studio\7.0\AlienCake\AlienCake\ArduinoCore\Debug\libArduinoCore.a(wiring.o)
 .debug_line    0x00002721      0x246 C:\Users\Bunchu\Documents\Atmel Studio\7.0\AlienCake\AlienCake\ArduinoCore\Debug\libArduinoCore.a(wiring_digital.o)
 .debug_line    0x00002967      0x75e C:\Users\Bunchu\Documents\Atmel Studio\7.0\AlienCake\AlienCake\ArduinoCore\Debug\libArduinoCore.a(SoftwareSerial.o)
 .debug_line    0x000030c5       0x41 C:\Users\Bunchu\Documents\Atmel Studio\7.0\AlienCake\AlienCake\ArduinoCore\Debug\libArduinoCore.a(hooks.o)

.debug_frame    0x00000000      0xf2c
 *(.debug_frame)
 .debug_frame   0x00000000       0x6c sketch.o
 .debug_frame   0x0000006c       0x54 src/LedBlinker.o
 .debug_frame   0x000000c0       0x7c src/LengthSensor.o
 .debug_frame   0x0000013c       0x90 src/Mp3Player.o
 .debug_frame   0x000001cc      0x444 C:\Users\Bunchu\Documents\Atmel Studio\7.0\AlienCake\AlienCake\ArduinoCore\Debug\libArduinoCore.a(DFRobotDFPlayerMini.o)
 .debug_frame   0x00000610      0x110 C:\Users\Bunchu\Documents\Atmel Studio\7.0\AlienCake\AlienCake\ArduinoCore\Debug\libArduinoCore.a(HardwareSerial.o)
 .debug_frame   0x00000720       0xc0 C:\Users\Bunchu\Documents\Atmel Studio\7.0\AlienCake\AlienCake\ArduinoCore\Debug\libArduinoCore.a(HardwareSerial0.o)
 .debug_frame   0x000007e0       0x54 C:\Users\Bunchu\Documents\Atmel Studio\7.0\AlienCake\AlienCake\ArduinoCore\Debug\libArduinoCore.a(main.o)
 .debug_frame   0x00000834       0x54 C:\Users\Bunchu\Documents\Atmel Studio\7.0\AlienCake\AlienCake\ArduinoCore\Debug\libArduinoCore.a(new.o)
 .debug_frame   0x00000888      0x38c C:\Users\Bunchu\Documents\Atmel Studio\7.0\AlienCake\AlienCake\ArduinoCore\Debug\libArduinoCore.a(Print.o)
 .debug_frame   0x00000c14       0xc4 C:\Users\Bunchu\Documents\Atmel Studio\7.0\AlienCake\AlienCake\ArduinoCore\Debug\libArduinoCore.a(wiring.o)
 .debug_frame   0x00000cd8       0x7c C:\Users\Bunchu\Documents\Atmel Studio\7.0\AlienCake\AlienCake\ArduinoCore\Debug\libArduinoCore.a(wiring_digital.o)
 .debug_frame   0x00000d54      0x1b4 C:\Users\Bunchu\Documents\Atmel Studio\7.0\AlienCake\AlienCake\ArduinoCore\Debug\libArduinoCore.a(SoftwareSerial.o)
 .debug_frame   0x00000f08       0x24 C:\Users\Bunchu\Documents\Atmel Studio\7.0\AlienCake\AlienCake\ArduinoCore\Debug\libArduinoCore.a(hooks.o)

.debug_str      0x00000000     0x33f6
 *(.debug_str)
 .debug_str     0x00000000      0x208 F:/Atmel/Studio/7.0/Packs/atmel/ATmega_DFP/1.2.132/gcc/dev/atmega328p/avr5/crtatmega328p.o
 .debug_str     0x00000208     0x1f5e sketch.o
                               0x203a (size before relaxing)
 .debug_str     0x00002166       0x5d src/LedBlinker.o
                                0x337 (size before relaxing)
 .debug_str     0x000021c3       0x6e src/LengthSensor.o
                                0x39c (size before relaxing)
 .debug_str     0x00002231       0xa7 src/Mp3Player.o
                               0x1f0a (size before relaxing)
 .debug_str     0x000022d8       0xfd C:\Users\Bunchu\Documents\Atmel Studio\7.0\AlienCake\AlienCake\ArduinoCore\Debug\libArduinoCore.a(DFRobotDFPlayerMini.o)
                               0x1e00 (size before relaxing)
 .debug_str     0x000023d5      0x398 C:\Users\Bunchu\Documents\Atmel Studio\7.0\AlienCake\AlienCake\ArduinoCore\Debug\libArduinoCore.a(HardwareSerial.o)
                               0x15fb (size before relaxing)
 .debug_str     0x0000276d       0x55 C:\Users\Bunchu\Documents\Atmel Studio\7.0\AlienCake\AlienCake\ArduinoCore\Debug\libArduinoCore.a(HardwareSerial0.o)
                               0x13d4 (size before relaxing)
 .debug_str     0x000027c2       0x37 C:\Users\Bunchu\Documents\Atmel Studio\7.0\AlienCake\AlienCake\ArduinoCore\Debug\libArduinoCore.a(main.o)
                                0x2b0 (size before relaxing)
 .debug_str     0x000027f9       0x55 C:\Users\Bunchu\Documents\Atmel Studio\7.0\AlienCake\AlienCake\ArduinoCore\Debug\libArduinoCore.a(new.o)
                                0x1c6 (size before relaxing)
 .debug_str     0x0000284e      0x3a4 C:\Users\Bunchu\Documents\Atmel Studio\7.0\AlienCake\AlienCake\ArduinoCore\Debug\libArduinoCore.a(Print.o)
                               0x11f5 (size before relaxing)
 .debug_str     0x00002bf2      0x13d C:\Users\Bunchu\Documents\Atmel Studio\7.0\AlienCake\AlienCake\ArduinoCore\Debug\libArduinoCore.a(wiring.o)
                                0x246 (size before relaxing)
 .debug_str     0x00002d2f       0xbb C:\Users\Bunchu\Documents\Atmel Studio\7.0\AlienCake\AlienCake\ArduinoCore\Debug\libArduinoCore.a(wiring_digital.o)
                                0x2ab (size before relaxing)
 .debug_str     0x00002dea      0x5a6 C:\Users\Bunchu\Documents\Atmel Studio\7.0\AlienCake\AlienCake\ArduinoCore\Debug\libArduinoCore.a(SoftwareSerial.o)
                               0x18fb (size before relaxing)
 .debug_str     0x00003390       0x66 C:\Users\Bunchu\Documents\Atmel Studio\7.0\AlienCake\AlienCake\ArduinoCore\Debug\libArduinoCore.a(hooks.o)
                                0x134 (size before relaxing)

.debug_loc      0x00000000     0x52ee
 *(.debug_loc)
 .debug_loc     0x00000000       0xb9 sketch.o
 .debug_loc     0x000000b9       0xc8 src/LedBlinker.o
 .debug_loc     0x00000181      0x1cd src/LengthSensor.o
 .debug_loc     0x0000034e      0x21b src/Mp3Player.o
 .debug_loc     0x00000569     0x15d3 C:\Users\Bunchu\Documents\Atmel Studio\7.0\AlienCake\AlienCake\ArduinoCore\Debug\libArduinoCore.a(DFRobotDFPlayerMini.o)
 .debug_loc     0x00001b3c      0x482 C:\Users\Bunchu\Documents\Atmel Studio\7.0\AlienCake\AlienCake\ArduinoCore\Debug\libArduinoCore.a(HardwareSerial.o)
 .debug_loc     0x00001fbe      0x18a C:\Users\Bunchu\Documents\Atmel Studio\7.0\AlienCake\AlienCake\ArduinoCore\Debug\libArduinoCore.a(HardwareSerial0.o)
 .debug_loc     0x00002148       0x4c C:\Users\Bunchu\Documents\Atmel Studio\7.0\AlienCake\AlienCake\ArduinoCore\Debug\libArduinoCore.a(new.o)
 .debug_loc     0x00002194     0x1c61 C:\Users\Bunchu\Documents\Atmel Studio\7.0\AlienCake\AlienCake\ArduinoCore\Debug\libArduinoCore.a(Print.o)
 .debug_loc     0x00003df5      0x28d C:\Users\Bunchu\Documents\Atmel Studio\7.0\AlienCake\AlienCake\ArduinoCore\Debug\libArduinoCore.a(wiring.o)
 .debug_loc     0x00004082      0x5fc C:\Users\Bunchu\Documents\Atmel Studio\7.0\AlienCake\AlienCake\ArduinoCore\Debug\libArduinoCore.a(wiring_digital.o)
 .debug_loc     0x0000467e      0xc70 C:\Users\Bunchu\Documents\Atmel Studio\7.0\AlienCake\AlienCake\ArduinoCore\Debug\libArduinoCore.a(SoftwareSerial.o)

.debug_macinfo
 *(.debug_macinfo)

.debug_weaknames
 *(.debug_weaknames)

.debug_funcnames
 *(.debug_funcnames)

.debug_typenames
 *(.debug_typenames)

.debug_varnames
 *(.debug_varnames)

.debug_pubtypes
 *(.debug_pubtypes)

.debug_ranges   0x00000000      0x570
 *(.debug_ranges)
 .debug_ranges  0x00000000       0x28 sketch.o
 .debug_ranges  0x00000028       0x28 src/LedBlinker.o
 .debug_ranges  0x00000050       0x20 src/LengthSensor.o
 .debug_ranges  0x00000070       0x30 src/Mp3Player.o
 .debug_ranges  0x000000a0      0x1c8 C:\Users\Bunchu\Documents\Atmel Studio\7.0\AlienCake\AlienCake\ArduinoCore\Debug\libArduinoCore.a(DFRobotDFPlayerMini.o)
 .debug_ranges  0x00000268       0x58 C:\Users\Bunchu\Documents\Atmel Studio\7.0\AlienCake\AlienCake\ArduinoCore\Debug\libArduinoCore.a(HardwareSerial.o)
 .debug_ranges  0x000002c0       0x28 C:\Users\Bunchu\Documents\Atmel Studio\7.0\AlienCake\AlienCake\ArduinoCore\Debug\libArduinoCore.a(HardwareSerial0.o)
 .debug_ranges  0x000002e8       0x20 C:\Users\Bunchu\Documents\Atmel Studio\7.0\AlienCake\AlienCake\ArduinoCore\Debug\libArduinoCore.a(main.o)
 .debug_ranges  0x00000308       0x18 C:\Users\Bunchu\Documents\Atmel Studio\7.0\AlienCake\AlienCake\ArduinoCore\Debug\libArduinoCore.a(new.o)
 .debug_ranges  0x00000320      0x110 C:\Users\Bunchu\Documents\Atmel Studio\7.0\AlienCake\AlienCake\ArduinoCore\Debug\libArduinoCore.a(Print.o)
 .debug_ranges  0x00000430       0x38 C:\Users\Bunchu\Documents\Atmel Studio\7.0\AlienCake\AlienCake\ArduinoCore\Debug\libArduinoCore.a(wiring.o)
 .debug_ranges  0x00000468       0x28 C:\Users\Bunchu\Documents\Atmel Studio\7.0\AlienCake\AlienCake\ArduinoCore\Debug\libArduinoCore.a(wiring_digital.o)
 .debug_ranges  0x00000490       0xd0 C:\Users\Bunchu\Documents\Atmel Studio\7.0\AlienCake\AlienCake\ArduinoCore\Debug\libArduinoCore.a(SoftwareSerial.o)
 .debug_ranges  0x00000560       0x10 C:\Users\Bunchu\Documents\Atmel Studio\7.0\AlienCake\AlienCake\ArduinoCore\Debug\libArduinoCore.a(hooks.o)

.debug_macro
 *(.debug_macro)
OUTPUT(AlienCake.elf elf32-avr)
LOAD linker stubs
