Archive member included to satisfy reference by file (symbol)

f:/atmel/studio/7.0/toolchain/avr8/avr8-gnu-toolchain/bin/../lib/gcc/avr/5.4.0/../../../../avr/lib/avr5\libm.a(fixsfsi.o)
                              src/MotorizedPole.o (__fixsfsi)
f:/atmel/studio/7.0/toolchain/avr8/avr8-gnu-toolchain/bin/../lib/gcc/avr/5.4.0/../../../../avr/lib/avr5\libm.a(fixunssfsi.o)
                              f:/atmel/studio/7.0/toolchain/avr8/avr8-gnu-toolchain/bin/../lib/gcc/avr/5.4.0/../../../../avr/lib/avr5\libm.a(fixsfsi.o) (__fixunssfsi)
f:/atmel/studio/7.0/toolchain/avr8/avr8-gnu-toolchain/bin/../lib/gcc/avr/5.4.0/../../../../avr/lib/avr5\libm.a(fp_split3.o)
                              f:/atmel/studio/7.0/toolchain/avr8/avr8-gnu-toolchain/bin/../lib/gcc/avr/5.4.0/../../../../avr/lib/avr5\libm.a(fixunssfsi.o) (__fp_splitA)
f:/atmel/studio/7.0/toolchain/avr8/avr8-gnu-toolchain/bin/../lib/gcc/avr/5.4.0/../../../../avr/lib/avr5\libm.a(fp_zero.o)
                              f:/atmel/studio/7.0/toolchain/avr8/avr8-gnu-toolchain/bin/../lib/gcc/avr/5.4.0/../../../../avr/lib/avr5\libm.a(fixunssfsi.o) (__fp_zero)
C:\Users\Bunchu\Documents\Atmel Studio\7.0\AlienCake\AlienCake\ArduinoCore\Release\libArduinoCore.a(main.o)
                              F:/Atmel/Studio/7.0/Packs/atmel/ATmega_DFP/1.2.132/gcc/dev/atmega328p/avr5/crtatmega328p.o (main)
C:\Users\Bunchu\Documents\Atmel Studio\7.0\AlienCake\AlienCake\ArduinoCore\Release\libArduinoCore.a(new.o)
                              sketch.o (_Znwj)
C:\Users\Bunchu\Documents\Atmel Studio\7.0\AlienCake\AlienCake\ArduinoCore\Release\libArduinoCore.a(wiring.o)
                              src/LengthSensor.o (micros)
C:\Users\Bunchu\Documents\Atmel Studio\7.0\AlienCake\AlienCake\ArduinoCore\Release\libArduinoCore.a(wiring_analog.o)
                              src/MotorDriver.o (analogWrite)
C:\Users\Bunchu\Documents\Atmel Studio\7.0\AlienCake\AlienCake\ArduinoCore\Release\libArduinoCore.a(wiring_digital.o)
                              sketch.o (pinMode)
C:\Users\Bunchu\Documents\Atmel Studio\7.0\AlienCake\AlienCake\ArduinoCore\Release\libArduinoCore.a(SoftwareSerial.o)
                              src/Mp3Player.o (_ZN14SoftwareSerialD1Ev)
C:\Users\Bunchu\Documents\Atmel Studio\7.0\AlienCake\AlienCake\ArduinoCore\Release\libArduinoCore.a(DFRobotDFPlayerMini.o)
                              src/Mp3Player.o (_ZN19DFRobotDFPlayerMini6volumeEh)
C:\Users\Bunchu\Documents\Atmel Studio\7.0\AlienCake\AlienCake\ArduinoCore\Release\libArduinoCore.a(AccelStepper.o)
                              src/MotorizedPole.o (_ZN12AccelStepper12distanceToGoEv)
C:\Users\Bunchu\Documents\Atmel Studio\7.0\AlienCake\AlienCake\ArduinoCore\Release\libArduinoCore.a(hooks.o)
                              C:\Users\Bunchu\Documents\Atmel Studio\7.0\AlienCake\AlienCake\ArduinoCore\Release\libArduinoCore.a(wiring.o) (yield)
C:\Users\Bunchu\Documents\Atmel Studio\7.0\AlienCake\AlienCake\ArduinoCore\Release\libArduinoCore.a(Print.o)
                              C:\Users\Bunchu\Documents\Atmel Studio\7.0\AlienCake\AlienCake\ArduinoCore\Release\libArduinoCore.a(SoftwareSerial.o) (_ZN5Print5writeEPKhj)
C:\Users\Bunchu\Documents\Atmel Studio\7.0\AlienCake\AlienCake\ArduinoCore\Release\libArduinoCore.a(abi.o)
                              C:\Users\Bunchu\Documents\Atmel Studio\7.0\AlienCake\AlienCake\ArduinoCore\Release\libArduinoCore.a(Print.o) (__cxa_pure_virtual)
f:/atmel/studio/7.0/toolchain/avr8/avr8-gnu-toolchain/bin/../lib/gcc/avr/5.4.0/../../../../avr/lib/avr5\libm.a(addsf3.o)
                              C:\Users\Bunchu\Documents\Atmel Studio\7.0\AlienCake\AlienCake\ArduinoCore\Release\libArduinoCore.a(AccelStepper.o) (__subsf3)
f:/atmel/studio/7.0/toolchain/avr8/avr8-gnu-toolchain/bin/../lib/gcc/avr/5.4.0/../../../../avr/lib/avr5\libm.a(addsf3x.o)
                              f:/atmel/studio/7.0/toolchain/avr8/avr8-gnu-toolchain/bin/../lib/gcc/avr/5.4.0/../../../../avr/lib/avr5\libm.a(addsf3.o) (__addsf3x)
f:/atmel/studio/7.0/toolchain/avr8/avr8-gnu-toolchain/bin/../lib/gcc/avr/5.4.0/../../../../avr/lib/avr5\libm.a(cmpsf2.o)
                              C:\Users\Bunchu\Documents\Atmel Studio\7.0\AlienCake\AlienCake\ArduinoCore\Release\libArduinoCore.a(AccelStepper.o) (__eqsf2)
f:/atmel/studio/7.0/toolchain/avr8/avr8-gnu-toolchain/bin/../lib/gcc/avr/5.4.0/../../../../avr/lib/avr5\libm.a(divsf3.o)
                              C:\Users\Bunchu\Documents\Atmel Studio\7.0\AlienCake\AlienCake\ArduinoCore\Release\libArduinoCore.a(AccelStepper.o) (__divsf3)
f:/atmel/studio/7.0/toolchain/avr8/avr8-gnu-toolchain/bin/../lib/gcc/avr/5.4.0/../../../../avr/lib/avr5\libm.a(divsf3x.o)
                              f:/atmel/studio/7.0/toolchain/avr8/avr8-gnu-toolchain/bin/../lib/gcc/avr/5.4.0/../../../../avr/lib/avr5\libm.a(divsf3.o) (__divsf3x)
f:/atmel/studio/7.0/toolchain/avr8/avr8-gnu-toolchain/bin/../lib/gcc/avr/5.4.0/../../../../avr/lib/avr5\libm.a(floatsisf.o)
[...]
Memory Configuration

Name             Origin             Length             Attributes
text             0x00000000         0x00020000         xr
data             0x00800060         0x0000ffa0         rw !x
eeprom           0x00810000         0x00010000         rw !x
fuse             0x00820000         0x00000003         rw !x
lock             0x00830000         0x00000400         rw !x
signature        0x00840000         0x00000400         rw !x
user_signatures  0x00850000         0x00000400         rw !x
*default*        0x00000000         0xffffffff

Linker script and memory map

Address of section .data set to 0x800100
LOAD F:/Atmel/Studio/7.0/Packs/atmel/ATmega_DFP/1.2.132/gcc/dev/atmega328p/avr5/crtatmega328p.o
LOAD sketch.o
LOAD src/LedBlinker.o
LOAD src/LengthSensor.o
LOAD src/MotorDriver.o
LOAD src/MotorizedPole.o
LOAD src/Mp3Player.o
LOAD src/ReedSwitch.o
START GROUP
LOAD f:/atmel/studio/7.0/toolchain/avr8/avr8-gnu-toolchain/bin/../lib/gcc/avr/5.4.0/../../../../avr/lib/avr5\libm.a
LOAD C:\Users\Bunchu\Documents\Atmel Studio\7.0\AlienCake\AlienCake\ArduinoCore\Release\libArduinoCore.a
END GROUP
LOAD f:/atmel/studio/7.0/toolchain/avr8/avr8-gnu-toolchain/bin/../lib/gcc/avr/5.4.0/avr5\libgcc.a
LOAD f:/atmel/studio/7.0/toolchain/avr8/avr8-gnu-toolchain/bin/../lib/gcc/avr/5.4.0/../../../../avr/lib/avr5\libm.a
START GROUP
LOAD f:/atmel/studio/7.0/toolchain/avr8/avr8-gnu-toolchain/bin/../lib/gcc/avr/5.4.0/avr5\libgcc.a
LOAD f:/atmel/studio/7.0/toolchain/avr8/avr8-gnu-toolchain/bin/../lib/gcc/avr/5.4.0/../../../../avr/lib/avr5\libm.a
LOAD f:/atmel/studio/7.0/toolchain/avr8/avr8-gnu-toolchain/bin/../lib/gcc/avr/5.4.0/../../../../avr/lib/avr5\libc.a
LOAD F:/Atmel/Studio/7.0/Packs/atmel/ATmega_DFP/1.2.132/gcc/dev/atmega328p/avr5\libatmega328p.a
END GROUP
                0x00020000                __TEXT_REGION_LENGTH__ = DEFINED (__TEXT_REGION_LENGTH__)?__TEXT_REGION_LENGTH__:0x20000
                0x0000ffa0                __DATA_REGION_LENGTH__ = DEFINED (__DATA_REGION_LENGTH__)?__DATA_REGION_LENGTH__:0xffa0
                0x00010000                __EEPROM_REGION_LENGTH__ = DEFINED (__EEPROM_REGION_LENGTH__)?__EEPROM_REGION_LENGTH__:0x10000
                [0x00000003]                __FUSE_REGION_LENGTH__ = DEFINED (__FUSE_REGION_LENGTH__)?__FUSE_REGION_LENGTH__:0x400
                0x00000400                __LOCK_REGION_LENGTH__ = DEFINED (__LOCK_REGION_LENGTH__)?__LOCK_REGION_LENGTH__:0x400
                0x00000400                __SIGNATURE_REGION_LENGTH__ = DEFINED (__SIGNATURE_REGION_LENGTH__)?__SIGNATURE_REGION_LENGTH__:0x400
                0x00000400                __USER_SIGNATURE_REGION_LENGTH__ = DEFINED (__USER_SIGNATURE_REGION_LENGTH__)?__USER_SIGNATURE_REGION_LENGTH__:0x400

.hash
 *(.hash)

.dynsym
 *(.dynsym)

.dynstr
 *(.dynstr)

.gnu.version
 *(.gnu.version)

.gnu.version_d
 *(.gnu.version_d)

.gnu.version_r
 *(.gnu.version_r)

.rel.init
 *(.rel.init)

.rela.init
 *(.rela.init)

.rel.text
 *(.rel.text)
 *(.rel.text.*)
 *(.rel.gnu.linkonce.t*)

.rela.text
 *(.rela.text)
 *(.rela.text.*)
 *(.rela.gnu.linkonce.t*)

.rel.fini
 *(.rel.fini)

.rela.fini
 *(.rela.fini)

.rel.rodata
 *(.rel.rodata)
 *(.rel.rodata.*)
 *(.rel.gnu.linkonce.r*)

.rela.rodata
 *(.rela.rodata)
 *(.rela.rodata.*)
 *(.rela.gnu.linkonce.r*)

.rel.data
 *(.rel.data)
 *(.rel.data.*)
 *(.rel.gnu.linkonce.d*)

.rela.data
 *(.rela.data)
 *(.rela.data.*)
 *(.rela.gnu.linkonce.d*)

.rel.ctors
 *(.rel.ctors)

.rela.ctors
 *(.rela.ctors)

.rel.dtors
 *(.rel.dtors)

.rela.dtors
 *(.rela.dtors)

.rel.got
 *(.rel.got)

.rela.got
 *(.rela.got)

.rel.bss
 *(.rel.bss)

.rela.bss
 *(.rela.bss)

.rel.plt
 *(.rel.plt)

.rela.plt
 *(.rela.plt)

.text           0x00000000     0x1570
 *(.vectors)
 .vectors       0x00000000       0x68 F:/Atmel/Studio/7.0/Packs/atmel/ATmega_DFP/1.2.132/gcc/dev/atmega328p/avr5/crtatmega328p.o
                0x00000000                __vector_default
                0x00000000                __vectors
 *(.vectors)
 *(.progmem.gcc*)
 .progmem.gcc_sw_table._ZN19DFRobotDFPlayerMini10parseStackEv
                0x00000068       0x2c C:\Users\Bunchu\Documents\Atmel Studio\7.0\AlienCake\AlienCake\ArduinoCore\Release\libArduinoCore.a(DFRobotDFPlayerMini.o)
                0x00000094                . = ALIGN (0x2)
                0x00000094                __trampolines_start = .
 *(.trampolines)
 .trampolines   0x00000094        0x0 linker stubs
 *(.trampolines*)
                0x00000094                __trampolines_end = .
 *libprintf_flt.a:*(.progmem.data)
 *libc.a:*(.progmem.data)
 *(.progmem*)
 .progmem.data.digital_pin_to_timer_PGM
                0x00000094       0x14 C:\Users\Bunchu\Documents\Atmel Studio\7.0\AlienCake\AlienCake\ArduinoCore\Release\libArduinoCore.a(wiring_digital.o)
                0x00000094                digital_pin_to_timer_PGM
 .progmem.data.digital_pin_to_bit_mask_PGM
                0x000000a8       0x14 C:\Users\Bunchu\Documents\Atmel Studio\7.0\AlienCake\AlienCake\ArduinoCore\Release\libArduinoCore.a(wiring_digital.o)
                0x000000a8                digital_pin_to_bit_mask_PGM
 .progmem.data.digital_pin_to_port_PGM
                0x000000bc       0x14 C:\Users\Bunchu\Documents\Atmel Studio\7.0\AlienCake\AlienCake\ArduinoCore\Release\libArduinoCore.a(wiring_digital.o)
                0x000000bc                digital_pin_to_port_PGM
 .progmem.data.port_to_input_PGM
                0x000000d0        0xa C:\Users\Bunchu\Documents\Atmel Studio\7.0\AlienCake\AlienCake\ArduinoCore\Release\libArduinoCore.a(wiring_digital.o)
                0x000000d0                port_to_input_PGM
 .progmem.data.port_to_output_PGM
                0x000000da        0xa C:\Users\Bunchu\Documents\Atmel Studio\7.0\AlienCake\AlienCake\ArduinoCore\Release\libArduinoCore.a(wiring_digital.o)
                0x000000da                port_to_output_PGM
 .progmem.data.port_to_mode_PGM
                0x000000e4        0xa C:\Users\Bunchu\Documents\Atmel Studio\7.0\AlienCake\AlienCake\ArduinoCore\Release\libArduinoCore.a(wiring_digital.o)
                0x000000e4                port_to_mode_PGM
                0x000000ee                . = ALIGN (0x2)
 *(.jumptables)
 *(.jumptables*)
 *(.lowtext)
 *(.lowtext*)
                0x000000ee                __ctors_start = .
 *(.ctors)
 .ctors         0x000000ee        0x2 sketch.o
                0x000000f0                __ctors_end = .
                0x000000f0                __dtors_start = .
 *(.dtors)
 .dtors         0x000000f0        0x2 sketch.o
                0x000000f2                __dtors_end = .
 SORT(*)(.ctors)
 SORT(*)(.dtors)
 *(.init0)
 .init0         0x000000f2        0x0 F:/Atmel/Studio/7.0/Packs/atmel/ATmega_DFP/1.2.132/gcc/dev/atmega328p/avr5/crtatmega328p.o
                0x000000f2                __init
 *(.init0)
 *(.init1)
 *(.init1)
 *(.init2)
 .init2         0x000000f2        0xc F:/Atmel/Studio/7.0/Packs/atmel/ATmega_DFP/1.2.132/gcc/dev/atmega328p/avr5/crtatmega328p.o
 *(.init2)
 *(.init3)
 *(.init3)
 *(.init4)
 .init4         0x000000fe       0x16 f:/atmel/studio/7.0/toolchain/avr8/avr8-gnu-toolchain/bin/../lib/gcc/avr/5.4.0/avr5\libgcc.a(_copy_data.o)
                0x000000fe                __do_copy_data
 .init4         0x00000114       0x10 f:/atmel/studio/7.0/toolchain/avr8/avr8-gnu-toolchain/bin/../lib/gcc/avr/5.4.0/avr5\libgcc.a(_clear_bss.o)
                0x00000114                __do_clear_bss
 *(.init4)
 *(.init5)
 *(.init5)
 *(.init6)
 .init6         0x00000124       0x16 f:/atmel/studio/7.0/toolchain/avr8/avr8-gnu-toolchain/bin/../lib/gcc/avr/5.4.0/avr5\libgcc.a(_ctors.o)
                0x00000124                __do_global_ctors
 *(.init6)
 *(.init7)
 *(.init7)
 *(.init8)
 *(.init8)
 *(.init9)
 .init9         0x0000013a        0x8 F:/Atmel/Studio/7.0/Packs/atmel/ATmega_DFP/1.2.132/gcc/dev/atmega328p/avr5/crtatmega328p.o
 *(.init9)
 *(.text)
 .text          0x00000142        0x4 F:/Atmel/Studio/7.0/Packs/atmel/ATmega_DFP/1.2.132/gcc/dev/atmega328p/avr5/crtatmega328p.o
                0x00000142                __vector_22
                0x00000142                __vector_1
                0x00000142                __vector_24
                0x00000142                __vector_12
                0x00000142                __bad_interrupt
                0x00000142                __vector_6
                0x00000142                __vector_23
                0x00000142                __vector_25
                0x00000142                __vector_11
                0x00000142                __vector_13
                0x00000142                __vector_17
                0x00000142                __vector_19
                0x00000142                __vector_7
                0x00000142                __vector_9
                0x00000142                __vector_2
                0x00000142                __vector_21
                0x00000142                __vector_15
                0x00000142                __vector_8
                0x00000142                __vector_14
                0x00000142                __vector_10
                0x00000142                __vector_18
                0x00000142                __vector_20
                0x00000146                . = ALIGN (0x2)
 *(.text.*)
 .text.setup    0x00000146       0x42 sketch.o
                0x00000146                setup
 .text.loop     0x00000188       0x8c sketch.o
                0x00000188                loop
 .text.startup._GLOBAL__sub_I_led
                0x00000214       0x58 sketch.o
 .text.exit._GLOBAL__sub_D_led
                0x0000026c        0x8 sketch.o
 .text._ZN10LedBlinkerC2Ei
                0x00000274        0xe src/LedBlinker.o
                0x00000274                _ZN10LedBlinkerC1Ei
                0x00000274                _ZN10LedBlinkerC2Ei
 .text._ZN10LedBlinkerD2Ev
                0x00000282        0x2 src/LedBlinker.o
                0x00000282                _ZN10LedBlinkerD2Ev
                0x00000282                _ZN10LedBlinkerD1Ev
 .text._ZN10LedBlinker6TurnOnEv
                0x00000284        0xa src/LedBlinker.o
                0x00000284                _ZN10LedBlinker6TurnOnEv
 .text._ZN10LedBlinker7TurnOffEv
                0x0000028e        0xa src/LedBlinker.o
                0x0000028e                _ZN10LedBlinker7TurnOffEv
 .text._ZN12LengthSensorC2Eii
                0x00000298       0x22 src/LengthSensor.o
                0x00000298                _ZN12LengthSensorC1Eii
                0x00000298                _ZN12LengthSensorC2Eii
 .text._ZN12LengthSensor4PingEv
                0x000002ba       0x22 src/LengthSensor.o
                0x000002ba                _ZN12LengthSensor4PingEv
 .text._ZN12LengthSensor7MeasureEv
                0x000002dc       0x76 src/LengthSensor.o
                0x000002dc                _ZN12LengthSensor7MeasureEv
 .text._ZN18MotorDriverCConfigC2Eiii
                0x00000352       0x10 src/MotorDriver.o
                0x00000352                _ZN18MotorDriverCConfigC1Eiii
                0x00000352                _ZN18MotorDriverCConfigC2Eiii
 .text._ZN11MotorDriver5StartE15DriverCanalTypei
                0x00000362       0x22 src/MotorDriver.o
                0x00000362                _ZN11MotorDriver5StartE15DriverCanalTypei
 .text._ZN11MotorDriver4StopE15DriverCanalType
                0x00000384       0x24 src/MotorDriver.o
                0x00000384                _ZN11MotorDriver4StopE15DriverCanalType
 .text._ZN11MotorDriver15ChangeDirectionE15DriverCanalType14MotorDirection
                0x000003a8       0x4a src/MotorDriver.o
                0x000003a8                _ZN11MotorDriver15ChangeDirectionE15DriverCanalType14MotorDirection
 .text._ZN11MotorDriver10InitializeEP18MotorDriverCConfig
                0x000003f2       0x3c src/MotorDriver.o
                0x000003f2                _ZN11MotorDriver10InitializeEP18MotorDriverCConfig
 .text._ZN11MotorDriverC2EP18MotorDriverCConfigS1_
                0x0000042e       0x3c src/MotorDriver.o
                0x0000042e                _ZN11MotorDriverC1EP18MotorDriverCConfigS1_
                0x0000042e                _ZN11MotorDriverC2EP18MotorDriverCConfigS1_
 .text._ZN9Mp3Player9VolumeMaxEv
                0x0000046a        0x8 src/Mp3Player.o
                0x0000046a                _ZN9Mp3Player9VolumeMaxEv
 .text._ZN9Mp3PlayerC2Eii
                0x00000472       0xa2 src/Mp3Player.o
                0x00000472                _ZN9Mp3PlayerC2Eii
                0x00000472                _ZN9Mp3PlayerC1Eii
 .text._ZN10ReedSwitchC2Ei
                0x00000514        0xe src/ReedSwitch.o
                0x00000514                _ZN10ReedSwitchC2Ei
                0x00000514                _ZN10ReedSwitchC1Ei
 .text._ZN10ReedSwitch5CheckEv
                0x00000522        0x8 src/ReedSwitch.o
                0x00000522                _ZN10ReedSwitch5CheckEv
 .text.initVariant
                0x0000052a        0x2 C:\Users\Bunchu\Documents\Atmel Studio\7.0\AlienCake\AlienCake\ArduinoCore\Release\libArduinoCore.a(main.o)
                0x0000052a                initVariant
 .text.startup.main
                0x0000052c       0x1e C:\Users\Bunchu\Documents\Atmel Studio\7.0\AlienCake\AlienCake\ArduinoCore\Release\libArduinoCore.a(main.o)
                0x0000052c                main
 .text._Znwj    0x0000054a        0x4 C:\Users\Bunchu\Documents\Atmel Studio\7.0\AlienCake\AlienCake\ArduinoCore\Release\libArduinoCore.a(new.o)
                0x0000054a                _Znwj
 .text.__vector_16
                0x0000054e       0x94 C:\Users\Bunchu\Documents\Atmel Studio\7.0\AlienCake\AlienCake\ArduinoCore\Release\libArduinoCore.a(wiring.o)
                0x0000054e                __vector_16
 .text.millis   0x000005e2       0x18 C:\Users\Bunchu\Documents\Atmel Studio\7.0\AlienCake\AlienCake\ArduinoCore\Release\libArduinoCore.a(wiring.o)
                0x000005e2                millis
 .text.micros   0x000005fa       0x4a C:\Users\Bunchu\Documents\Atmel Studio\7.0\AlienCake\AlienCake\ArduinoCore\Release\libArduinoCore.a(wiring.o)
                0x000005fa                micros
 .text.delay    0x00000644       0x78 C:\Users\Bunchu\Documents\Atmel Studio\7.0\AlienCake\AlienCake\ArduinoCore\Release\libArduinoCore.a(wiring.o)
                0x00000644                delay
 .text.delayMicroseconds
                0x000006bc       0x16 C:\Users\Bunchu\Documents\Atmel Studio\7.0\AlienCake\AlienCake\ArduinoCore\Release\libArduinoCore.a(wiring.o)
                0x000006bc                delayMicroseconds
 .text.init     0x000006d2       0x76 C:\Users\Bunchu\Documents\Atmel Studio\7.0\AlienCake\AlienCake\ArduinoCore\Release\libArduinoCore.a(wiring.o)
                0x000006d2                init
 .text.analogWrite
                0x00000748       0xbe C:\Users\Bunchu\Documents\Atmel Studio\7.0\AlienCake\AlienCake\ArduinoCore\Release\libArduinoCore.a(wiring_analog.o)
                0x00000748                analogWrite
 .text.turnOffPWM
                0x00000806       0x52 C:\Users\Bunchu\Documents\Atmel Studio\7.0\AlienCake\AlienCake\ArduinoCore\Release\libArduinoCore.a(wiring_digital.o)
 .text.pinMode  0x00000858       0x78 C:\Users\Bunchu\Documents\Atmel Studio\7.0\AlienCake\AlienCake\ArduinoCore\Release\libArduinoCore.a(wiring_digital.o)
                0x00000858                pinMode
 .text.digitalWrite
                0x000008d0       0x5e C:\Users\Bunchu\Documents\Atmel Studio\7.0\AlienCake\AlienCake\ArduinoCore\Release\libArduinoCore.a(wiring_digital.o)
                0x000008d0                digitalWrite
 .text.digitalRead
                0x0000092e       0x52 C:\Users\Bunchu\Documents\Atmel Studio\7.0\AlienCake\AlienCake\ArduinoCore\Release\libArduinoCore.a(wiring_digital.o)
                0x0000092e                digitalRead
 .text._ZN14SoftwareSerial4readEv
                0x00000980       0x42 C:\Users\Bunchu\Documents\Atmel Studio\7.0\AlienCake\AlienCake\ArduinoCore\Release\libArduinoCore.a(SoftwareSerial.o)
                0x00000980                _ZN14SoftwareSerial4readEv
 .text._ZN14SoftwareSerial5writeEh
                0x000009c2       0xa0 C:\Users\Bunchu\Documents\Atmel Studio\7.0\AlienCake\AlienCake\ArduinoCore\Release\libArduinoCore.a(SoftwareSerial.o)
                0x000009c2                _ZN14SoftwareSerial5writeEh
 .text._ZN14SoftwareSerial5flushEv
                0x00000a62        0x2 C:\Users\Bunchu\Documents\Atmel Studio\7.0\AlienCake\AlienCake\ArduinoCore\Release\libArduinoCore.a(SoftwareSerial.o)
                0x00000a62                _ZN14SoftwareSerial5flushEv
 .text._ZN14SoftwareSerial4peekEv
                0x00000a64       0x30 C:\Users\Bunchu\Documents\Atmel Studio\7.0\AlienCake\AlienCake\ArduinoCore\Release\libArduinoCore.a(SoftwareSerial.o)
                0x00000a64                _ZN14SoftwareSerial4peekEv
 .text._ZN14SoftwareSerial9availableEv
                0x00000a94       0x30 C:\Users\Bunchu\Documents\Atmel Studio\7.0\AlienCake\AlienCake\ArduinoCore\Release\libArduinoCore.a(SoftwareSerial.o)
                0x00000a94                _ZN14SoftwareSerial9availableEv
 .text._ZN14SoftwareSerial13stopListeningEv
                0x00000ac4       0x2c C:\Users\Bunchu\Documents\Atmel Studio\7.0\AlienCake\AlienCake\ArduinoCore\Release\libArduinoCore.a(SoftwareSerial.o)
                0x00000ac4                _ZN14SoftwareSerial13stopListeningEv
 .text._ZN14SoftwareSerial6listenEv
                0x00000af0       0x52 C:\Users\Bunchu\Documents\Atmel Studio\7.0\AlienCake\AlienCake\ArduinoCore\Release\libArduinoCore.a(SoftwareSerial.o)
                0x00000af0                _ZN14SoftwareSerial6listenEv
 .text.__vector_3
                0x00000b42       0xf4 C:\Users\Bunchu\Documents\Atmel Studio\7.0\AlienCake\AlienCake\ArduinoCore\Release\libArduinoCore.a(SoftwareSerial.o)
                0x00000b42                __vector_5
                0x00000b42                __vector_4
                0x00000b42                __vector_3
 .text._ZN14SoftwareSerial5setTXEh
                0x00000c36       0x52 C:\Users\Bunchu\Documents\Atmel Studio\7.0\AlienCake\AlienCake\ArduinoCore\Release\libArduinoCore.a(SoftwareSerial.o)
                0x00000c36                _ZN14SoftwareSerial5setTXEh
 .text._ZN14SoftwareSerial5setRXEh
                0x00000c88       0x52 C:\Users\Bunchu\Documents\Atmel Studio\7.0\AlienCake\AlienCake\ArduinoCore\Release\libArduinoCore.a(SoftwareSerial.o)
                0x00000c88                _ZN14SoftwareSerial5setRXEh
 .text._ZN14SoftwareSerialC2Ehhb
                0x00000cda       0x56 C:\Users\Bunchu\Documents\Atmel Studio\7.0\AlienCake\AlienCake\ArduinoCore\Release\libArduinoCore.a(SoftwareSerial.o)
                0x00000cda                _ZN14SoftwareSerialC1Ehhb
                0x00000cda                _ZN14SoftwareSerialC2Ehhb
 .text._ZN14SoftwareSerial5beginEl
                0x00000d30      0x11c C:\Users\Bunchu\Documents\Atmel Studio\7.0\AlienCake\AlienCake\ArduinoCore\Release\libArduinoCore.a(SoftwareSerial.o)
                0x00000d30                _ZN14SoftwareSerial5beginEl
 .text._ZN19DFRobotDFPlayerMini17calculateCheckSumEPh
                0x00000e4c       0x20 C:\Users\Bunchu\Documents\Atmel Studio\7.0\AlienCake\AlienCake\ArduinoCore\Release\libArduinoCore.a(DFRobotDFPlayerMini.o)
                0x00000e4c                _ZN19DFRobotDFPlayerMini17calculateCheckSumEPh
 .text._ZN19DFRobotDFPlayerMini10parseStackEv
                0x00000e6c       0xae C:\Users\Bunchu\Documents\Atmel Studio\7.0\AlienCake\AlienCake\ArduinoCore\Release\libArduinoCore.a(DFRobotDFPlayerMini.o)
                0x00000e6c                _ZN19DFRobotDFPlayerMini10parseStackEv
 .text._ZN19DFRobotDFPlayerMini13validateStackEv
                0x00000f1a       0x30 C:\Users\Bunchu\Documents\Atmel Studio\7.0\AlienCake\AlienCake\ArduinoCore\Release\libArduinoCore.a(DFRobotDFPlayerMini.o)
                0x00000f1a                _ZN19DFRobotDFPlayerMini13validateStackEv
 .text._ZN19DFRobotDFPlayerMini9availableEv
                0x00000f4a      0x108 C:\Users\Bunchu\Documents\Atmel Studio\7.0\AlienCake\AlienCake\ArduinoCore\Release\libArduinoCore.a(DFRobotDFPlayerMini.o)
                0x00000f4a                _ZN19DFRobotDFPlayerMini9availableEv
 .text._ZN19DFRobotDFPlayerMini9sendStackEv
                0x00001052       0x60 C:\Users\Bunchu\Documents\Atmel Studio\7.0\AlienCake\AlienCake\ArduinoCore\Release\libArduinoCore.a(DFRobotDFPlayerMini.o)
                0x00001052                _ZN19DFRobotDFPlayerMini9sendStackEv
 .text._ZN19DFRobotDFPlayerMini9sendStackEhj
                0x000010b2       0x24 C:\Users\Bunchu\Documents\Atmel Studio\7.0\AlienCake\AlienCake\ArduinoCore\Release\libArduinoCore.a(DFRobotDFPlayerMini.o)
                0x000010b2                _ZN19DFRobotDFPlayerMini9sendStackEhj
 .text._ZN19DFRobotDFPlayerMini9sendStackEh
                0x000010d6        0x8 C:\Users\Bunchu\Documents\Atmel Studio\7.0\AlienCake\AlienCake\ArduinoCore\Release\libArduinoCore.a(DFRobotDFPlayerMini.o)
                0x000010d6                _ZN19DFRobotDFPlayerMini9sendStackEh
 .text._ZN19DFRobotDFPlayerMini13waitAvailableEv
                0x000010de       0x24 C:\Users\Bunchu\Documents\Atmel Studio\7.0\AlienCake\AlienCake\ArduinoCore\Release\libArduinoCore.a(DFRobotDFPlayerMini.o)
                0x000010de                _ZN19DFRobotDFPlayerMini13waitAvailableEv
 .text._ZN19DFRobotDFPlayerMini6volumeEh
                0x00001102        0xa C:\Users\Bunchu\Documents\Atmel Studio\7.0\AlienCake\AlienCake\ArduinoCore\Release\libArduinoCore.a(DFRobotDFPlayerMini.o)
                0x00001102                _ZN19DFRobotDFPlayerMini6volumeEh
 .text._ZN19DFRobotDFPlayerMini2EQEh
                0x0000110c        0xa C:\Users\Bunchu\Documents\Atmel Studio\7.0\AlienCake\AlienCake\ArduinoCore\Release\libArduinoCore.a(DFRobotDFPlayerMini.o)
                0x0000110c                _ZN19DFRobotDFPlayerMini2EQEh
 .text._ZN19DFRobotDFPlayerMini12outputDeviceEh
                0x00001116       0x16 C:\Users\Bunchu\Documents\Atmel Studio\7.0\AlienCake\AlienCake\ArduinoCore\Release\libArduinoCore.a(DFRobotDFPlayerMini.o)
                0x00001116                _ZN19DFRobotDFPlayerMini12outputDeviceEh
 .text._ZN19DFRobotDFPlayerMini5resetEv
                0x0000112c        0x6 C:\Users\Bunchu\Documents\Atmel Studio\7.0\AlienCake\AlienCake\ArduinoCore\Release\libArduinoCore.a(DFRobotDFPlayerMini.o)
                0x0000112c                _ZN19DFRobotDFPlayerMini5resetEv
 .text._ZN19DFRobotDFPlayerMini5beginER6Streamb
                0x00001132       0x7a C:\Users\Bunchu\Documents\Atmel Studio\7.0\AlienCake\AlienCake\ArduinoCore\Release\libArduinoCore.a(DFRobotDFPlayerMini.o)
                0x00001132                _ZN19DFRobotDFPlayerMini5beginER6Streamb
 .text.__empty  0x000011ac        0x2 C:\Users\Bunchu\Documents\Atmel Studio\7.0\AlienCake\AlienCake\ArduinoCore\Release\libArduinoCore.a(hooks.o)
                0x000011ac                yield
 .text._ZN5Print5writeEPKhj
                0x000011ae       0x54 C:\Users\Bunchu\Documents\Atmel Studio\7.0\AlienCake\AlienCake\ArduinoCore\Release\libArduinoCore.a(Print.o)
                0x000011ae                _ZN5Print5writeEPKhj
 .text.libgcc.div
                0x00001202       0x28 f:/atmel/studio/7.0/toolchain/avr8/avr8-gnu-toolchain/bin/../lib/gcc/avr/5.4.0/avr5\libgcc.a(_divmodhi4.o)
                0x00001202                _div
                0x00001202                __divmodhi4
 .text.libgcc.div
                0x0000122a       0x44 f:/atmel/studio/7.0/toolchain/avr8/avr8-gnu-toolchain/bin/../lib/gcc/avr/5.4.0/avr5\libgcc.a(_udivmodsi4.o)
                0x0000122a                __udivmodsi4
 .text.libgcc.div
                0x0000126e       0x2e f:/atmel/studio/7.0/toolchain/avr8/avr8-gnu-toolchain/bin/../lib/gcc/avr/5.4.0/avr5\libgcc.a(_divmodsi4.o)
                0x0000126e                __divmodsi4
 .text.libgcc.div
                0x0000129c       0x10 f:/atmel/studio/7.0/toolchain/avr8/avr8-gnu-toolchain/bin/../lib/gcc/avr/5.4.0/avr5\libgcc.a(_negsi2.o)
                0x0000129c                __negsi2
 .text.libgcc   0x000012ac        0xc f:/atmel/studio/7.0/toolchain/avr8/avr8-gnu-toolchain/bin/../lib/gcc/avr/5.4.0/avr5\libgcc.a(_tablejump2.o)
                0x000012ac                __tablejump2__
 .text.libgcc.mul
                0x000012b8       0x16 f:/atmel/studio/7.0/toolchain/avr8/avr8-gnu-toolchain/bin/../lib/gcc/avr/5.4.0/avr5\libgcc.a(_muluhisi3.o)
                0x000012b8                __muluhisi3
 .text.libgcc.div
                0x000012ce       0x28 f:/atmel/studio/7.0/toolchain/avr8/avr8-gnu-toolchain/bin/../lib/gcc/avr/5.4.0/avr5\libgcc.a(_udivmodhi4.o)
                0x000012ce                __udivmodhi4
 .text.libgcc.mul
                0x000012f6       0x1e f:/atmel/studio/7.0/toolchain/avr8/avr8-gnu-toolchain/bin/../lib/gcc/avr/5.4.0/avr5\libgcc.a(_umulhisi3.o)
                0x000012f6                __umulhisi3
 .text.avr-libc
                0x00001314      0x242 f:/atmel/studio/7.0/toolchain/avr8/avr8-gnu-toolchain/bin/../lib/gcc/avr/5.4.0/../../../../avr/lib/avr5\libc.a(malloc.o)
                0x00001314                malloc
                0x00001444                free
                0x00001556                . = ALIGN (0x2)
 *(.fini9)
 .fini9         0x00001556        0x0 f:/atmel/studio/7.0/toolchain/avr8/avr8-gnu-toolchain/bin/../lib/gcc/avr/5.4.0/avr5\libgcc.a(_exit.o)
                0x00001556                _exit
                0x00001556                exit
 *(.fini9)
 *(.fini8)
 *(.fini8)
 *(.fini7)
 *(.fini7)
 *(.fini6)
 .fini6         0x00001556       0x16 f:/atmel/studio/7.0/toolchain/avr8/avr8-gnu-toolchain/bin/../lib/gcc/avr/5.4.0/avr5\libgcc.a(_dtors.o)
                0x00001556                __do_global_dtors
 *(.fini6)
 *(.fini5)
 *(.fini5)
 *(.fini4)
 *(.fini4)
 *(.fini3)
 *(.fini3)
 *(.fini2)
 *(.fini2)
 *(.fini1)
 *(.fini1)
 *(.fini0)
 .fini0         0x0000156c        0x4 f:/atmel/studio/7.0/toolchain/avr8/avr8-gnu-toolchain/bin/../lib/gcc/avr/5.4.0/avr5\libgcc.a(_exit.o)
 *(.fini0)
                0x00001570                _etext = .

.data           0x00800100       0x20 load address 0x00001570
                0x00800100                PROVIDE (__data_start, .)
 *(.data)
 .data          0x00800100        0x6 f:/atmel/studio/7.0/toolchain/avr8/avr8-gnu-toolchain/bin/../lib/gcc/avr/5.4.0/../../../../avr/lib/avr5\libc.a(malloc.o)
                0x00800100                __malloc_heap_end
                0x00800102                __malloc_heap_start
                0x00800104                __malloc_margin
 *(.data*)
 *(.rodata)
 .rodata        0x00800106        0xa src/Mp3Player.o
 *(.rodata*)
 .rodata._ZTV14SoftwareSerial
                0x00800110       0x10 C:\Users\Bunchu\Documents\Atmel Studio\7.0\AlienCake\AlienCake\ArduinoCore\Release\libArduinoCore.a(SoftwareSerial.o)
                0x00800110                _ZTV14SoftwareSerial
 *(.gnu.linkonce.d*)
                0x00800120                . = ALIGN (0x2)
                0x00800120                _edata = .
                0x00800120                PROVIDE (__data_end, .)

.bss            0x00800120       0x62
                0x00800120                PROVIDE (__bss_start, .)
 *(.bss)
 *(.bss*)
 .bss.reedSwitch
                0x00800120        0x2 sketch.o
                0x00800120                reedSwitch
 .bss.driver    0x00800122        0x7 sketch.o
                0x00800122                driver
 .bss.mp3       0x00800129        0x2 sketch.o
                0x00800129                mp3
 .bss.sensor    0x0080012b        0x4 sketch.o
                0x0080012b                sensor
 .bss.led       0x0080012f        0x2 sketch.o
                0x0080012f                led
 .bss.timer0_fract
                0x00800131        0x1 C:\Users\Bunchu\Documents\Atmel Studio\7.0\AlienCake\AlienCake\ArduinoCore\Release\libArduinoCore.a(wiring.o)
 .bss.timer0_millis
                0x00800132        0x4 C:\Users\Bunchu\Documents\Atmel Studio\7.0\AlienCake\AlienCake\ArduinoCore\Release\libArduinoCore.a(wiring.o)
                0x00800132                timer0_millis
 .bss.timer0_overflow_count
                0x00800136        0x4 C:\Users\Bunchu\Documents\Atmel Studio\7.0\AlienCake\AlienCake\ArduinoCore\Release\libArduinoCore.a(wiring.o)
                0x00800136                timer0_overflow_count
 .bss._ZN14SoftwareSerial20_receive_buffer_headE
                0x0080013a        0x1 C:\Users\Bunchu\Documents\Atmel Studio\7.0\AlienCake\AlienCake\ArduinoCore\Release\libArduinoCore.a(SoftwareSerial.o)
                0x0080013a                _ZN14SoftwareSerial20_receive_buffer_headE
 .bss._ZN14SoftwareSerial20_receive_buffer_tailE
                0x0080013b        0x1 C:\Users\Bunchu\Documents\Atmel Studio\7.0\AlienCake\AlienCake\ArduinoCore\Release\libArduinoCore.a(SoftwareSerial.o)
                0x0080013b                _ZN14SoftwareSerial20_receive_buffer_tailE
 .bss._ZN14SoftwareSerial15_receive_bufferE
                0x0080013c       0x40 C:\Users\Bunchu\Documents\Atmel Studio\7.0\AlienCake\AlienCake\ArduinoCore\Release\libArduinoCore.a(SoftwareSerial.o)
                0x0080013c                _ZN14SoftwareSerial15_receive_bufferE
 .bss._ZN14SoftwareSerial13active_objectE
                0x0080017c        0x2 C:\Users\Bunchu\Documents\Atmel Studio\7.0\AlienCake\AlienCake\ArduinoCore\Release\libArduinoCore.a(SoftwareSerial.o)
                0x0080017c                _ZN14SoftwareSerial13active_objectE
 *(COMMON)
 COMMON         0x0080017e        0x4 f:/atmel/studio/7.0/toolchain/avr8/avr8-gnu-toolchain/bin/../lib/gcc/avr/5.4.0/../../../../avr/lib/avr5\libc.a(malloc.o)
                0x0080017e                __brkval
                0x00800180                __flp
                0x00800182                PROVIDE (__bss_end, .)
                0x00001570                __data_load_start = LOADADDR (.data)
                0x00001590                __data_load_end = (__data_load_start + SIZEOF (.data))

.noinit         0x00800182        0x0
                [!provide]                PROVIDE (__noinit_start, .)
 *(.noinit*)
                [!provide]                PROVIDE (__noinit_end, .)
                0x00800182                _end = .
                0x00800182                PROVIDE (__heap_start, .)

.eeprom         0x00810000        0x0
 *(.eeprom*)
                0x00810000                __eeprom_end = .

.fuse
 *(.fuse)
 *(.lfuse)
 *(.hfuse)
 *(.efuse)

.lock
 *(.lock*)

.signature
 *(.signature*)

.user_signatures
 *(.user_signatures*)

.stab
 *(.stab)

.stabstr
 *(.stabstr)

.stab.excl
 *(.stab.excl)

.stab.exclstr
 *(.stab.exclstr)

.stab.index
 *(.stab.index)

.stab.indexstr
 *(.stab.indexstr)

.comment        0x00000000       0x30
 *(.comment)
 .comment       0x00000000       0x30 sketch.o
                                 0x31 (size before relaxing)
 .comment       0x00000030       0x31 src/LedBlinker.o
 .comment       0x00000030       0x31 src/LengthSensor.o
 .comment       0x00000030       0x31 src/MotorDriver.o
 .comment       0x00000030       0x31 src/Mp3Player.o
 .comment       0x00000030       0x31 src/ReedSwitch.o
 .comment       0x00000030       0x31 C:\Users\Bunchu\Documents\Atmel Studio\7.0\AlienCake\AlienCake\ArduinoCore\Release\libArduinoCore.a(main.o)
 .comment       0x00000030       0x31 C:\Users\Bunchu\Documents\Atmel Studio\7.0\AlienCake\AlienCake\ArduinoCore\Release\libArduinoCore.a(new.o)
 .comment       0x00000030       0x31 C:\Users\Bunchu\Documents\Atmel Studio\7.0\AlienCake\AlienCake\ArduinoCore\Release\libArduinoCore.a(wiring.o)
 .comment       0x00000030       0x31 C:\Users\Bunchu\Documents\Atmel Studio\7.0\AlienCake\AlienCake\ArduinoCore\Release\libArduinoCore.a(wiring_analog.o)
 .comment       0x00000030       0x31 C:\Users\Bunchu\Documents\Atmel Studio\7.0\AlienCake\AlienCake\ArduinoCore\Release\libArduinoCore.a(wiring_digital.o)
 .comment       0x00000030       0x31 C:\Users\Bunchu\Documents\Atmel Studio\7.0\AlienCake\AlienCake\ArduinoCore\Release\libArduinoCore.a(SoftwareSerial.o)
 .comment       0x00000030       0x31 C:\Users\Bunchu\Documents\Atmel Studio\7.0\AlienCake\AlienCake\ArduinoCore\Release\libArduinoCore.a(DFRobotDFPlayerMini.o)
 .comment       0x00000030       0x31 C:\Users\Bunchu\Documents\Atmel Studio\7.0\AlienCake\AlienCake\ArduinoCore\Release\libArduinoCore.a(hooks.o)
 .comment       0x00000030       0x31 C:\Users\Bunchu\Documents\Atmel Studio\7.0\AlienCake\AlienCake\ArduinoCore\Release\libArduinoCore.a(Print.o)
 .comment       0x00000030       0x31 f:/atmel/studio/7.0/toolchain/avr8/avr8-gnu-toolchain/bin/../lib/gcc/avr/5.4.0/../../../../avr/lib/avr5\libc.a(malloc.o)

.note.gnu.avr.deviceinfo
                0x00000000       0x40
 .note.gnu.avr.deviceinfo
                0x00000000       0x40 F:/Atmel/Studio/7.0/Packs/atmel/ATmega_DFP/1.2.132/gcc/dev/atmega328p/avr5/crtatmega328p.o

.note.gnu.build-id
 *(.note.gnu.build-id)

.debug
 *(.debug)

.line
 *(.line)

.debug_srcinfo
 *(.debug_srcinfo)

.debug_sfnames
 *(.debug_sfnames)

.debug_aranges  0x00000000      0x608
 *(.debug_aranges)
 .debug_aranges
                0x00000000       0x38 sketch.o
 .debug_aranges
                0x00000038       0x38 src/LedBlinker.o
 .debug_aranges
                0x00000070       0x30 src/LengthSensor.o
 .debug_aranges
                0x000000a0       0x78 src/MotorDriver.o
 .debug_aranges
                0x00000118       0x40 src/Mp3Player.o
 .debug_aranges
                0x00000158       0x28 src/ReedSwitch.o
 .debug_aranges
                0x00000180       0x30 C:\Users\Bunchu\Documents\Atmel Studio\7.0\AlienCake\AlienCake\ArduinoCore\Release\libArduinoCore.a(main.o)
 .debug_aranges
                0x000001b0       0x28 C:\Users\Bunchu\Documents\Atmel Studio\7.0\AlienCake\AlienCake\ArduinoCore\Release\libArduinoCore.a(new.o)
 .debug_aranges
                0x000001d8       0x48 C:\Users\Bunchu\Documents\Atmel Studio\7.0\AlienCake\AlienCake\ArduinoCore\Release\libArduinoCore.a(wiring.o)
 .debug_aranges
                0x00000220       0x30 C:\Users\Bunchu\Documents\Atmel Studio\7.0\AlienCake\AlienCake\ArduinoCore\Release\libArduinoCore.a(wiring_analog.o)
 .debug_aranges
                0x00000250       0x38 C:\Users\Bunchu\Documents\Atmel Studio\7.0\AlienCake\AlienCake\ArduinoCore\Release\libArduinoCore.a(wiring_digital.o)
 .debug_aranges
                0x00000288       0x98 C:\Users\Bunchu\Documents\Atmel Studio\7.0\AlienCake\AlienCake\ArduinoCore\Release\libArduinoCore.a(SoftwareSerial.o)
 .debug_aranges
                0x00000320      0x1d8 C:\Users\Bunchu\Documents\Atmel Studio\7.0\AlienCake\AlienCake\ArduinoCore\Release\libArduinoCore.a(DFRobotDFPlayerMini.o)
 .debug_aranges
                0x000004f8       0x20 C:\Users\Bunchu\Documents\Atmel Studio\7.0\AlienCake\AlienCake\ArduinoCore\Release\libArduinoCore.a(hooks.o)
 .debug_aranges
                0x00000518       0xf0 C:\Users\Bunchu\Documents\Atmel Studio\7.0\AlienCake\AlienCake\ArduinoCore\Release\libArduinoCore.a(Print.o)

.debug_pubnames
 *(.debug_pubnames)

.debug_info     0x00000000     0xfc10
 *(.debug_info .gnu.linkonce.wi.*)
 .debug_info    0x00000000      0x5f4 F:/Atmel/Studio/7.0/Packs/atmel/ATmega_DFP/1.2.132/gcc/dev/atmega328p/avr5/crtatmega328p.o
 .debug_info    0x000005f4     0x2896 sketch.o
 .debug_info    0x00002e8a      0x34d src/LedBlinker.o
 .debug_info    0x000031d7      0x3d4 src/LengthSensor.o
 .debug_info    0x000035ab      0x902 src/MotorDriver.o
 .debug_info    0x00003ead     0x238a src/Mp3Player.o
 .debug_info    0x00006237      0x288 src/ReedSwitch.o
 .debug_info    0x000064bf      0x237 C:\Users\Bunchu\Documents\Atmel Studio\7.0\AlienCake\AlienCake\ArduinoCore\Release\libArduinoCore.a(main.o)
 .debug_info    0x000066f6      0x11c C:\Users\Bunchu\Documents\Atmel Studio\7.0\AlienCake\AlienCake\ArduinoCore\Release\libArduinoCore.a(new.o)
 .debug_info    0x00006812      0x2cb C:\Users\Bunchu\Documents\Atmel Studio\7.0\AlienCake\AlienCake\ArduinoCore\Release\libArduinoCore.a(wiring.o)
 .debug_info    0x00006add      0x26d C:\Users\Bunchu\Documents\Atmel Studio\7.0\AlienCake\AlienCake\ArduinoCore\Release\libArduinoCore.a(wiring_analog.o)
 .debug_info    0x00006d4a      0x5fe C:\Users\Bunchu\Documents\Atmel Studio\7.0\AlienCake\AlienCake\ArduinoCore\Release\libArduinoCore.a(wiring_digital.o)
 .debug_info    0x00007348     0x2875 C:\Users\Bunchu\Documents\Atmel Studio\7.0\AlienCake\AlienCake\ArduinoCore\Release\libArduinoCore.a(SoftwareSerial.o)
 .debug_info    0x00009bbd     0x37b7 C:\Users\Bunchu\Documents\Atmel Studio\7.0\AlienCake\AlienCake\ArduinoCore\Release\libArduinoCore.a(DFRobotDFPlayerMini.o)
 .debug_info    0x0000d374       0x3e C:\Users\Bunchu\Documents\Atmel Studio\7.0\AlienCake\AlienCake\ArduinoCore\Release\libArduinoCore.a(hooks.o)
 .debug_info    0x0000d3b2     0x285e C:\Users\Bunchu\Documents\Atmel Studio\7.0\AlienCake\AlienCake\ArduinoCore\Release\libArduinoCore.a(Print.o)

.debug_abbrev   0x00000000     0x29d3
 *(.debug_abbrev)
 .debug_abbrev  0x00000000      0x5a2 F:/Atmel/Studio/7.0/Packs/atmel/ATmega_DFP/1.2.132/gcc/dev/atmega328p/avr5/crtatmega328p.o
 .debug_abbrev  0x000005a2      0x40f sketch.o
 .debug_abbrev  0x000009b1      0x185 src/LedBlinker.o
 .debug_abbrev  0x00000b36      0x1bd src/LengthSensor.o
 .debug_abbrev  0x00000cf3      0x24d src/MotorDriver.o
 .debug_abbrev  0x00000f40      0x3b7 src/Mp3Player.o
 .debug_abbrev  0x000012f7      0x199 src/ReedSwitch.o
 .debug_abbrev  0x00001490      0x12d C:\Users\Bunchu\Documents\Atmel Studio\7.0\AlienCake\AlienCake\ArduinoCore\Release\libArduinoCore.a(main.o)
 .debug_abbrev  0x000015bd       0xce C:\Users\Bunchu\Documents\Atmel Studio\7.0\AlienCake\AlienCake\ArduinoCore\Release\libArduinoCore.a(new.o)
 .debug_abbrev  0x0000168b      0x146 C:\Users\Bunchu\Documents\Atmel Studio\7.0\AlienCake\AlienCake\ArduinoCore\Release\libArduinoCore.a(wiring.o)
 .debug_abbrev  0x000017d1      0x16b C:\Users\Bunchu\Documents\Atmel Studio\7.0\AlienCake\AlienCake\ArduinoCore\Release\libArduinoCore.a(wiring_analog.o)
 .debug_abbrev  0x0000193c      0x15b C:\Users\Bunchu\Documents\Atmel Studio\7.0\AlienCake\AlienCake\ArduinoCore\Release\libArduinoCore.a(wiring_digital.o)
 .debug_abbrev  0x00001a97      0x60d C:\Users\Bunchu\Documents\Atmel Studio\7.0\AlienCake\AlienCake\ArduinoCore\Release\libArduinoCore.a(SoftwareSerial.o)
 .debug_abbrev  0x000020a4      0x49c C:\Users\Bunchu\Documents\Atmel Studio\7.0\AlienCake\AlienCake\ArduinoCore\Release\libArduinoCore.a(DFRobotDFPlayerMini.o)
 .debug_abbrev  0x00002540       0x2a C:\Users\Bunchu\Documents\Atmel Studio\7.0\AlienCake\AlienCake\ArduinoCore\Release\libArduinoCore.a(hooks.o)
 .debug_abbrev  0x0000256a      0x469 C:\Users\Bunchu\Documents\Atmel Studio\7.0\AlienCake\AlienCake\ArduinoCore\Release\libArduinoCore.a(Print.o)

.debug_line     0x00000000     0x3124
 *(.debug_line .debug_line.* .debug_line_end)
 .debug_line    0x00000000      0x133 F:/Atmel/Studio/7.0/Packs/atmel/ATmega_DFP/1.2.132/gcc/dev/atmega328p/avr5/crtatmega328p.o
 .debug_line    0x00000133      0x35f sketch.o
 .debug_line    0x00000492      0x175 src/LedBlinker.o
 .debug_line    0x00000607      0x1d3 src/LengthSensor.o
 .debug_line    0x000007da      0x37d src/MotorDriver.o
 .debug_line    0x00000b57      0x30a src/Mp3Player.o
 .debug_line    0x00000e61      0x14f src/ReedSwitch.o
 .debug_line    0x00000fb0      0x159 C:\Users\Bunchu\Documents\Atmel Studio\7.0\AlienCake\AlienCake\ArduinoCore\Release\libArduinoCore.a(main.o)
 .debug_line    0x00001109      0x107 C:\Users\Bunchu\Documents\Atmel Studio\7.0\AlienCake\AlienCake\ArduinoCore\Release\libArduinoCore.a(new.o)
 .debug_line    0x00001210      0x28d C:\Users\Bunchu\Documents\Atmel Studio\7.0\AlienCake\AlienCake\ArduinoCore\Release\libArduinoCore.a(wiring.o)
 .debug_line    0x0000149d      0x203 C:\Users\Bunchu\Documents\Atmel Studio\7.0\AlienCake\AlienCake\ArduinoCore\Release\libArduinoCore.a(wiring_analog.o)
 .debug_line    0x000016a0      0x246 C:\Users\Bunchu\Documents\Atmel Studio\7.0\AlienCake\AlienCake\ArduinoCore\Release\libArduinoCore.a(wiring_digital.o)
 .debug_line    0x000018e6      0x75e C:\Users\Bunchu\Documents\Atmel Studio\7.0\AlienCake\AlienCake\ArduinoCore\Release\libArduinoCore.a(SoftwareSerial.o)
 .debug_line    0x00002044      0xa99 C:\Users\Bunchu\Documents\Atmel Studio\7.0\AlienCake\AlienCake\ArduinoCore\Release\libArduinoCore.a(DFRobotDFPlayerMini.o)
 .debug_line    0x00002add       0x41 C:\Users\Bunchu\Documents\Atmel Studio\7.0\AlienCake\AlienCake\ArduinoCore\Release\libArduinoCore.a(hooks.o)
 .debug_line    0x00002b1e      0x606 C:\Users\Bunchu\Documents\Atmel Studio\7.0\AlienCake\AlienCake\ArduinoCore\Release\libArduinoCore.a(Print.o)

.debug_frame    0x00000000      0xedc
 *(.debug_frame)
 .debug_frame   0x00000000       0x6c sketch.o
 .debug_frame   0x0000006c       0x54 src/LedBlinker.o
 .debug_frame   0x000000c0       0x7c src/LengthSensor.o
 .debug_frame   0x0000013c       0xf8 src/MotorDriver.o
 .debug_frame   0x00000234       0x90 src/Mp3Player.o
 .debug_frame   0x000002c4       0x34 src/ReedSwitch.o
 .debug_frame   0x000002f8       0x54 C:\Users\Bunchu\Documents\Atmel Studio\7.0\AlienCake\AlienCake\ArduinoCore\Release\libArduinoCore.a(main.o)
 .debug_frame   0x0000034c       0x54 C:\Users\Bunchu\Documents\Atmel Studio\7.0\AlienCake\AlienCake\ArduinoCore\Release\libArduinoCore.a(new.o)
 .debug_frame   0x000003a0       0xc4 C:\Users\Bunchu\Documents\Atmel Studio\7.0\AlienCake\AlienCake\ArduinoCore\Release\libArduinoCore.a(wiring.o)
 .debug_frame   0x00000464       0x54 C:\Users\Bunchu\Documents\Atmel Studio\7.0\AlienCake\AlienCake\ArduinoCore\Release\libArduinoCore.a(wiring_analog.o)
 .debug_frame   0x000004b8       0x7c C:\Users\Bunchu\Documents\Atmel Studio\7.0\AlienCake\AlienCake\ArduinoCore\Release\libArduinoCore.a(wiring_digital.o)
 .debug_frame   0x00000534      0x1b4 C:\Users\Bunchu\Documents\Atmel Studio\7.0\AlienCake\AlienCake\ArduinoCore\Release\libArduinoCore.a(SoftwareSerial.o)
 .debug_frame   0x000006e8      0x444 C:\Users\Bunchu\Documents\Atmel Studio\7.0\AlienCake\AlienCake\ArduinoCore\Release\libArduinoCore.a(DFRobotDFPlayerMini.o)
 .debug_frame   0x00000b2c       0x24 C:\Users\Bunchu\Documents\Atmel Studio\7.0\AlienCake\AlienCake\ArduinoCore\Release\libArduinoCore.a(hooks.o)
 .debug_frame   0x00000b50      0x38c C:\Users\Bunchu\Documents\Atmel Studio\7.0\AlienCake\AlienCake\ArduinoCore\Release\libArduinoCore.a(Print.o)

.debug_str      0x00000000     0x33dd
 *(.debug_str)
 .debug_str     0x00000000      0x208 F:/Atmel/Studio/7.0/Packs/atmel/ATmega_DFP/1.2.132/gcc/dev/atmega328p/avr5/crtatmega328p.o
 .debug_str     0x00000208     0x2215 sketch.o
                               0x231c (size before relaxing)
 .debug_str     0x0000241d       0x5a src/LedBlinker.o
                                0x339 (size before relaxing)
 .debug_str     0x00002477       0x59 src/LengthSensor.o
                                0x343 (size before relaxing)
 .debug_str     0x000024d0       0x8c src/MotorDriver.o
                                0x624 (size before relaxing)
 .debug_str     0x0000255c       0xa7 src/Mp3Player.o
                               0x1ed8 (size before relaxing)
 .debug_str     0x00002603       0x2a src/ReedSwitch.o
                                0x2df (size before relaxing)
 .debug_str     0x0000262d       0xad C:\Users\Bunchu\Documents\Atmel Studio\7.0\AlienCake\AlienCake\ArduinoCore\Release\libArduinoCore.a(main.o)
                                0x2b2 (size before relaxing)
 .debug_str     0x000026da       0x55 C:\Users\Bunchu\Documents\Atmel Studio\7.0\AlienCake\AlienCake\ArduinoCore\Release\libArduinoCore.a(new.o)
                                0x1c8 (size before relaxing)
 .debug_str     0x0000272f      0x13d C:\Users\Bunchu\Documents\Atmel Studio\7.0\AlienCake\AlienCake\ArduinoCore\Release\libArduinoCore.a(wiring.o)
                                0x248 (size before relaxing)
 .debug_str     0x0000286c       0x7d C:\Users\Bunchu\Documents\Atmel Studio\7.0\AlienCake\AlienCake\ArduinoCore\Release\libArduinoCore.a(wiring_analog.o)
                                0x24c (size before relaxing)
 .debug_str     0x000028e9       0x9d C:\Users\Bunchu\Documents\Atmel Studio\7.0\AlienCake\AlienCake\ArduinoCore\Release\libArduinoCore.a(wiring_digital.o)
                                0x2ad (size before relaxing)
 .debug_str     0x00002986      0x5e5 C:\Users\Bunchu\Documents\Atmel Studio\7.0\AlienCake\AlienCake\ArduinoCore\Release\libArduinoCore.a(SoftwareSerial.o)
                               0x18fd (size before relaxing)
 .debug_str     0x00002f6b       0xa5 C:\Users\Bunchu\Documents\Atmel Studio\7.0\AlienCake\AlienCake\ArduinoCore\Release\libArduinoCore.a(DFRobotDFPlayerMini.o)
                               0x1e02 (size before relaxing)
 .debug_str     0x00003010       0x1c C:\Users\Bunchu\Documents\Atmel Studio\7.0\AlienCake\AlienCake\ArduinoCore\Release\libArduinoCore.a(hooks.o)
                                0x13d (size before relaxing)
 .debug_str     0x0000302c      0x3b1 C:\Users\Bunchu\Documents\Atmel Studio\7.0\AlienCake\AlienCake\ArduinoCore\Release\libArduinoCore.a(Print.o)
                               0x11f7 (size before relaxing)

.debug_loc      0x00000000     0x53db
 *(.debug_loc)
 .debug_loc     0x00000000       0x83 sketch.o
 .debug_loc     0x00000083       0xc8 src/LedBlinker.o
 .debug_loc     0x0000014b      0x1f3 src/LengthSensor.o
 .debug_loc     0x0000033e      0x579 src/MotorDriver.o
 .debug_loc     0x000008b7      0x21b src/Mp3Player.o
 .debug_loc     0x00000ad2       0x92 src/ReedSwitch.o
 .debug_loc     0x00000b64       0x4c C:\Users\Bunchu\Documents\Atmel Studio\7.0\AlienCake\AlienCake\ArduinoCore\Release\libArduinoCore.a(new.o)
 .debug_loc     0x00000bb0      0x28d C:\Users\Bunchu\Documents\Atmel Studio\7.0\AlienCake\AlienCake\ArduinoCore\Release\libArduinoCore.a(wiring.o)
 .debug_loc     0x00000e3d       0xfe C:\Users\Bunchu\Documents\Atmel Studio\7.0\AlienCake\AlienCake\ArduinoCore\Release\libArduinoCore.a(wiring_analog.o)
 .debug_loc     0x00000f3b      0x5fc C:\Users\Bunchu\Documents\Atmel Studio\7.0\AlienCake\AlienCake\ArduinoCore\Release\libArduinoCore.a(wiring_digital.o)
 .debug_loc     0x00001537      0xc70 C:\Users\Bunchu\Documents\Atmel Studio\7.0\AlienCake\AlienCake\ArduinoCore\Release\libArduinoCore.a(SoftwareSerial.o)
 .debug_loc     0x000021a7     0x15d3 C:\Users\Bunchu\Documents\Atmel Studio\7.0\AlienCake\AlienCake\ArduinoCore\Release\libArduinoCore.a(DFRobotDFPlayerMini.o)
 .debug_loc     0x0000377a     0x1c61 C:\Users\Bunchu\Documents\Atmel Studio\7.0\AlienCake\AlienCake\ArduinoCore\Release\libArduinoCore.a(Print.o)

.debug_macinfo
 *(.debug_macinfo)

.debug_weaknames
 *(.debug_weaknames)

.debug_funcnames
 *(.debug_funcnames)

.debug_typenames
 *(.debug_typenames)

.debug_varnames
 *(.debug_varnames)

.debug_pubtypes
 *(.debug_pubtypes)

.debug_ranges   0x00000000      0x5a8
 *(.debug_ranges)
 .debug_ranges  0x00000000       0x40 sketch.o
 .debug_ranges  0x00000040       0x28 src/LedBlinker.o
 .debug_ranges  0x00000068       0x20 src/LengthSensor.o
 .debug_ranges  0x00000088       0x68 src/MotorDriver.o
 .debug_ranges  0x000000f0       0x30 src/Mp3Player.o
 .debug_ranges  0x00000120       0x18 src/ReedSwitch.o
 .debug_ranges  0x00000138       0x20 C:\Users\Bunchu\Documents\Atmel Studio\7.0\AlienCake\AlienCake\ArduinoCore\Release\libArduinoCore.a(main.o)
 .debug_ranges  0x00000158       0x18 C:\Users\Bunchu\Documents\Atmel Studio\7.0\AlienCake\AlienCake\ArduinoCore\Release\libArduinoCore.a(new.o)
 .debug_ranges  0x00000170       0x38 C:\Users\Bunchu\Documents\Atmel Studio\7.0\AlienCake\AlienCake\ArduinoCore\Release\libArduinoCore.a(wiring.o)
 .debug_ranges  0x000001a8       0x20 C:\Users\Bunchu\Documents\Atmel Studio\7.0\AlienCake\AlienCake\ArduinoCore\Release\libArduinoCore.a(wiring_analog.o)
 .debug_ranges  0x000001c8       0x28 C:\Users\Bunchu\Documents\Atmel Studio\7.0\AlienCake\AlienCake\ArduinoCore\Release\libArduinoCore.a(wiring_digital.o)
 .debug_ranges  0x000001f0       0xd0 C:\Users\Bunchu\Documents\Atmel Studio\7.0\AlienCake\AlienCake\ArduinoCore\Release\libArduinoCore.a(SoftwareSerial.o)
 .debug_ranges  0x000002c0      0x1c8 C:\Users\Bunchu\Documents\Atmel Studio\7.0\AlienCake\AlienCake\ArduinoCore\Release\libArduinoCore.a(DFRobotDFPlayerMini.o)
 .debug_ranges  0x00000488       0x10 C:\Users\Bunchu\Documents\Atmel Studio\7.0\AlienCake\AlienCake\ArduinoCore\Release\libArduinoCore.a(hooks.o)
 .debug_ranges  0x00000498      0x110 C:\Users\Bunchu\Documents\Atmel Studio\7.0\AlienCake\AlienCake\ArduinoCore\Release\libArduinoCore.a(Print.o)

.debug_macro
 *(.debug_macro)
OUTPUT(AlienCake.elf elf32-avr)
LOAD linker stubs
