Archive member included to satisfy reference by file (symbol)

C:\Users\mkamuda\Documents\Projects\AlienCake\AlienCake\ArduinoCore\Release\libArduinoCore.a(main.o)
                              C:/Program Files (x86)/Atmel/Studio/7.0/Packs/atmel/ATmega_DFP/1.2.132/gcc/dev/atmega328p/avr5/crtatmega328p.o (main)
C:\Users\mkamuda\Documents\Projects\AlienCake\AlienCake\ArduinoCore\Release\libArduinoCore.a(wiring.o)
                              length_detector.o (delay)
C:\Users\mkamuda\Documents\Projects\AlienCake\AlienCake\ArduinoCore\Release\libArduinoCore.a(wiring_digital.o)
                              led_blinker.o (pinMode)
C:\Users\mkamuda\Documents\Projects\AlienCake\AlienCake\ArduinoCore\Release\libArduinoCore.a(hooks.o)
                              C:\Users\mkamuda\Documents\Projects\AlienCake\AlienCake\ArduinoCore\Release\libArduinoCore.a(wiring.o) (yield)
c:/program files (x86)/atmel/studio/7.0/toolchain/avr8/avr8-gnu-toolchain/bin/../lib/gcc/avr/5.4.0/avr5\libgcc.a(_divmodhi4.o)
                              length_detector.o (__divmodhi4)
c:/program files (x86)/atmel/studio/7.0/toolchain/avr8/avr8-gnu-toolchain/bin/../lib/gcc/avr/5.4.0/avr5\libgcc.a(_exit.o)
                              C:/Program Files (x86)/Atmel/Studio/7.0/Packs/atmel/ATmega_DFP/1.2.132/gcc/dev/atmega328p/avr5/crtatmega328p.o (exit)
c:/program files (x86)/atmel/studio/7.0/toolchain/avr8/avr8-gnu-toolchain/bin/../lib/gcc/avr/5.4.0/avr5\libgcc.a(_clear_bss.o)
                              sketch.o (__do_clear_bss)
c:/program files (x86)/atmel/studio/7.0/toolchain/avr8/avr8-gnu-toolchain/bin/../lib/gcc/avr/5.4.0/avr5\libgcc.a(_udivmodhi4.o)
                              c:/program files (x86)/atmel/studio/7.0/toolchain/avr8/avr8-gnu-toolchain/bin/../lib/gcc/avr/5.4.0/avr5\libgcc.a(_divmodhi4.o) (__udivmodhi4)
c:/program files (x86)/atmel/studio/7.0/toolchain/avr8/avr8-gnu-toolchain/bin/../lib/gcc/avr/5.4.0/../../../../avr/lib/avr5\libc.a(malloc.o)
                              led_blinker.o (malloc)
c:/program files (x86)/atmel/studio/7.0/toolchain/avr8/avr8-gnu-toolchain/bin/../lib/gcc/avr/5.4.0/avr5\libgcc.a(_copy_data.o)
                              c:/program files (x86)/atmel/studio/7.0/toolchain/avr8/avr8-gnu-toolchain/bin/../lib/gcc/avr/5.4.0/../../../../avr/lib/avr5\libc.a(malloc.o) (__do_copy_data)

Allocating common symbols
Common symbol       size              file

__brkval            0x2               c:/program files (x86)/atmel/studio/7.0/toolchain/avr8/avr8-gnu-toolchain/bin/../lib/gcc/avr/5.4.0/../../../../avr/lib/avr5\libc.a(malloc.o)
detector            0x2               sketch.o
led                 0x2               sketch.o
__flp               0x2               c:/program files (x86)/atmel/studio/7.0/toolchain/avr8/avr8-gnu-toolchain/bin/../lib/gcc/avr/5.4.0/../../../../avr/lib/avr5\libc.a(malloc.o)

Discarded input sections

 .data          0x00000000        0x0 C:/Program Files (x86)/Atmel/Studio/7.0/Packs/atmel/ATmega_DFP/1.2.132/gcc/dev/atmega328p/avr5/crtatmega328p.o
 .bss           0x00000000        0x0 C:/Program Files (x86)/Atmel/Studio/7.0/Packs/atmel/ATmega_DFP/1.2.132/gcc/dev/atmega328p/avr5/crtatmega328p.o
 .text          0x00000000        0x0 led_blinker.o
 .data          0x00000000        0x0 led_blinker.o
 .bss           0x00000000        0x0 led_blinker.o
 .text.led_destroy
                0x00000000        0x4 led_blinker.o
 .text          0x00000000        0x0 length_detector.o
 .data          0x00000000        0x0 length_detector.o
 .bss           0x00000000        0x0 length_detector.o
 .text.length_detector_free
                0x00000000        0x4 length_detector.o
 .text          0x00000000        0x0 sketch.o
 .data          0x00000000        0x0 sketch.o
 .bss           0x00000000        0x0 sketch.o
 .text          0x00000000        0x0 C:\Users\mkamuda\Documents\Projects\AlienCake\AlienCake\ArduinoCore\Release\libArduinoCore.a(main.o)
 .data          0x00000000        0x0 C:\Users\mkamuda\Documents\Projects\AlienCake\AlienCake\ArduinoCore\Release\libArduinoCore.a(main.o)
 .bss           0x00000000        0x0 C:\Users\mkamuda\Documents\Projects\AlienCake\AlienCake\ArduinoCore\Release\libArduinoCore.a(main.o)
 .text.atexit   0x00000000        0x6 C:\Users\mkamuda\Documents\Projects\AlienCake\AlienCake\ArduinoCore\Release\libArduinoCore.a(main.o)
 .text._Z8setupUSBv
                0x00000000        0x2 C:\Users\mkamuda\Documents\Projects\AlienCake\AlienCake\ArduinoCore\Release\libArduinoCore.a(main.o)
 .text          0x00000000        0x0 C:\Users\mkamuda\Documents\Projects\AlienCake\AlienCake\ArduinoCore\Release\libArduinoCore.a(wiring.o)
 .data          0x00000000        0x0 C:\Users\mkamuda\Documents\Projects\AlienCake\AlienCake\ArduinoCore\Release\libArduinoCore.a(wiring.o)
 .bss           0x00000000        0x0 C:\Users\mkamuda\Documents\Projects\AlienCake\AlienCake\ArduinoCore\Release\libArduinoCore.a(wiring.o)
 .text.millis   0x00000000       0x18 C:\Users\mkamuda\Documents\Projects\AlienCake\AlienCake\ArduinoCore\Release\libArduinoCore.a(wiring.o)
 .text.delayMicroseconds
                0x00000000       0x16 C:\Users\mkamuda\Documents\Projects\AlienCake\AlienCake\ArduinoCore\Release\libArduinoCore.a(wiring.o)
 .text          0x00000000        0x0 C:\Users\mkamuda\Documents\Projects\AlienCake\AlienCake\ArduinoCore\Release\libArduinoCore.a(wiring_digital.o)
 .data          0x00000000        0x0 C:\Users\mkamuda\Documents\Projects\AlienCake\AlienCake\ArduinoCore\Release\libArduinoCore.a(wiring_digital.o)
 .bss           0x00000000        0x0 C:\Users\mkamuda\Documents\Projects\AlienCake\AlienCake\ArduinoCore\Release\libArduinoCore.a(wiring_digital.o)
 .text          0x00000000        0x0 C:\Users\mkamuda\Documents\Projects\AlienCake\AlienCake\ArduinoCore\Release\libArduinoCore.a(hooks.o)
 .data          0x00000000        0x0 C:\Users\mkamuda\Documents\Projects\AlienCake\AlienCake\ArduinoCore\Release\libArduinoCore.a(hooks.o)
 .bss           0x00000000        0x0 C:\Users\mkamuda\Documents\Projects\AlienCake\AlienCake\ArduinoCore\Release\libArduinoCore.a(hooks.o)
 .text          0x00000000        0x0 c:/program files (x86)/atmel/studio/7.0/toolchain/avr8/avr8-gnu-toolchain/bin/../lib/gcc/avr/5.4.0/avr5\libgcc.a(_divmodhi4.o)
 .data          0x00000000        0x0 c:/program files (x86)/atmel/studio/7.0/toolchain/avr8/avr8-gnu-toolchain/bin/../lib/gcc/avr/5.4.0/avr5\libgcc.a(_divmodhi4.o)
 .bss           0x00000000        0x0 c:/program files (x86)/atmel/studio/7.0/toolchain/avr8/avr8-gnu-toolchain/bin/../lib/gcc/avr/5.4.0/avr5\libgcc.a(_divmodhi4.o)
 .text.libgcc.mul
                0x00000000        0x0 c:/program files (x86)/atmel/studio/7.0/toolchain/avr8/avr8-gnu-toolchain/bin/../lib/gcc/avr/5.4.0/avr5\libgcc.a(_divmodhi4.o)
 .text.libgcc   0x00000000        0x0 c:/program files (x86)/atmel/studio/7.0/toolchain/avr8/avr8-gnu-toolchain/bin/../lib/gcc/avr/5.4.0/avr5\libgcc.a(_divmodhi4.o)
 .text.libgcc.prologue
                0x00000000        0x0 c:/program files (x86)/atmel/studio/7.0/toolchain/avr8/avr8-gnu-toolchain/bin/../lib/gcc/avr/5.4.0/avr5\libgcc.a(_divmodhi4.o)
 .text.libgcc.builtins
                0x00000000        0x0 c:/program files (x86)/atmel/studio/7.0/toolchain/avr8/avr8-gnu-toolchain/bin/../lib/gcc/avr/5.4.0/avr5\libgcc.a(_divmodhi4.o)
 .text.libgcc.fmul
                0x00000000        0x0 c:/program files (x86)/atmel/studio/7.0/toolchain/avr8/avr8-gnu-toolchain/bin/../lib/gcc/avr/5.4.0/avr5\libgcc.a(_divmodhi4.o)
 .text.libgcc.fixed
                0x00000000        0x0 c:/program files (x86)/atmel/studio/7.0/toolchain/avr8/avr8-gnu-toolchain/bin/../lib/gcc/avr/5.4.0/avr5\libgcc.a(_divmodhi4.o)
 .text          0x00000000        0x0 c:/program files (x86)/atmel/studio/7.0/toolchain/avr8/avr8-gnu-toolchain/bin/../lib/gcc/avr/5.4.0/avr5\libgcc.a(_exit.o)
 .data          0x00000000        0x0 c:/program files (x86)/atmel/studio/7.0/toolchain/avr8/avr8-gnu-toolchain/bin/../lib/gcc/avr/5.4.0/avr5\libgcc.a(_exit.o)
 .bss           0x00000000        0x0 c:/program files (x86)/atmel/studio/7.0/toolchain/avr8/avr8-gnu-toolchain/bin/../lib/gcc/avr/5.4.0/avr5\libgcc.a(_exit.o)
 .text.libgcc.mul
                0x00000000        0x0 c:/program files (x86)/atmel/studio/7.0/toolchain/avr8/avr8-gnu-toolchain/bin/../lib/gcc/avr/5.4.0/avr5\libgcc.a(_exit.o)
 .text.libgcc.div
                0x00000000        0x0 c:/program files (x86)/atmel/studio/7.0/toolchain/avr8/avr8-gnu-toolchain/bin/../lib/gcc/avr/5.4.0/avr5\libgcc.a(_exit.o)
 .text.libgcc   0x00000000        0x0 c:/program files (x86)/atmel/studio/7.0/toolchain/avr8/avr8-gnu-toolchain/bin/../lib/gcc/avr/5.4.0/avr5\libgcc.a(_exit.o)
 .text.libgcc.prologue
                0x00000000        0x0 c:/program files (x86)/atmel/studio/7.0/toolchain/avr8/avr8-gnu-toolchain/bin/../lib/gcc/avr/5.4.0/avr5\libgcc.a(_exit.o)
 .text.libgcc.builtins
                0x00000000        0x0 c:/program files (x86)/atmel/studio/7.0/toolchain/avr8/avr8-gnu-toolchain/bin/../lib/gcc/avr/5.4.0/avr5\libgcc.a(_exit.o)
 .text.libgcc.fmul
                0x00000000        0x0 c:/program files (x86)/atmel/studio/7.0/toolchain/avr8/avr8-gnu-toolchain/bin/../lib/gcc/avr/5.4.0/avr5\libgcc.a(_exit.o)
 .text.libgcc.fixed
                0x00000000        0x0 c:/program files (x86)/atmel/studio/7.0/toolchain/avr8/avr8-gnu-toolchain/bin/../lib/gcc/avr/5.4.0/avr5\libgcc.a(_exit.o)
 .text          0x00000000        0x0 c:/program files (x86)/atmel/studio/7.0/toolchain/avr8/avr8-gnu-toolchain/bin/../lib/gcc/avr/5.4.0/avr5\libgcc.a(_clear_bss.o)
 .data          0x00000000        0x0 c:/program files (x86)/atmel/studio/7.0/toolchain/avr8/avr8-gnu-toolchain/bin/../lib/gcc/avr/5.4.0/avr5\libgcc.a(_clear_bss.o)
 .bss           0x00000000        0x0 c:/program files (x86)/atmel/studio/7.0/toolchain/avr8/avr8-gnu-toolchain/bin/../lib/gcc/avr/5.4.0/avr5\libgcc.a(_clear_bss.o)
 .text.libgcc.mul
                0x00000000        0x0 c:/program files (x86)/atmel/studio/7.0/toolchain/avr8/avr8-gnu-toolchain/bin/../lib/gcc/avr/5.4.0/avr5\libgcc.a(_clear_bss.o)
 .text.libgcc.div
                0x00000000        0x0 c:/program files (x86)/atmel/studio/7.0/toolchain/avr8/avr8-gnu-toolchain/bin/../lib/gcc/avr/5.4.0/avr5\libgcc.a(_clear_bss.o)
 .text.libgcc   0x00000000        0x0 c:/program files (x86)/atmel/studio/7.0/toolchain/avr8/avr8-gnu-toolchain/bin/../lib/gcc/avr/5.4.0/avr5\libgcc.a(_clear_bss.o)
 .text.libgcc.prologue
                0x00000000        0x0 c:/program files (x86)/atmel/studio/7.0/toolchain/avr8/avr8-gnu-toolchain/bin/../lib/gcc/avr/5.4.0/avr5\libgcc.a(_clear_bss.o)
 .text.libgcc.builtins
                0x00000000        0x0 c:/program files (x86)/atmel/studio/7.0/toolchain/avr8/avr8-gnu-toolchain/bin/../lib/gcc/avr/5.4.0/avr5\libgcc.a(_clear_bss.o)
 .text.libgcc.fmul
                0x00000000        0x0 c:/program files (x86)/atmel/studio/7.0/toolchain/avr8/avr8-gnu-toolchain/bin/../lib/gcc/avr/5.4.0/avr5\libgcc.a(_clear_bss.o)
 .text.libgcc.fixed
                0x00000000        0x0 c:/program files (x86)/atmel/studio/7.0/toolchain/avr8/avr8-gnu-toolchain/bin/../lib/gcc/avr/5.4.0/avr5\libgcc.a(_clear_bss.o)
 .text          0x00000000        0x0 c:/program files (x86)/atmel/studio/7.0/toolchain/avr8/avr8-gnu-toolchain/bin/../lib/gcc/avr/5.4.0/avr5\libgcc.a(_udivmodhi4.o)
 .data          0x00000000        0x0 c:/program files (x86)/atmel/studio/7.0/toolchain/avr8/avr8-gnu-toolchain/bin/../lib/gcc/avr/5.4.0/avr5\libgcc.a(_udivmodhi4.o)
 .bss           0x00000000        0x0 c:/program files (x86)/atmel/studio/7.0/toolchain/avr8/avr8-gnu-toolchain/bin/../lib/gcc/avr/5.4.0/avr5\libgcc.a(_udivmodhi4.o)
 .text.libgcc.mul
                0x00000000        0x0 c:/program files (x86)/atmel/studio/7.0/toolchain/avr8/avr8-gnu-toolchain/bin/../lib/gcc/avr/5.4.0/avr5\libgcc.a(_udivmodhi4.o)
 .text.libgcc   0x00000000        0x0 c:/program files (x86)/atmel/studio/7.0/toolchain/avr8/avr8-gnu-toolchain/bin/../lib/gcc/avr/5.4.0/avr5\libgcc.a(_udivmodhi4.o)
 .text.libgcc.prologue
                0x00000000        0x0 c:/program files (x86)/atmel/studio/7.0/toolchain/avr8/avr8-gnu-toolchain/bin/../lib/gcc/avr/5.4.0/avr5\libgcc.a(_udivmodhi4.o)
 .text.libgcc.builtins
                0x00000000        0x0 c:/program files (x86)/atmel/studio/7.0/toolchain/avr8/avr8-gnu-toolchain/bin/../lib/gcc/avr/5.4.0/avr5\libgcc.a(_udivmodhi4.o)
 .text.libgcc.fmul
                0x00000000        0x0 c:/program files (x86)/atmel/studio/7.0/toolchain/avr8/avr8-gnu-toolchain/bin/../lib/gcc/avr/5.4.0/avr5\libgcc.a(_udivmodhi4.o)
 .text.libgcc.fixed
                0x00000000        0x0 c:/program files (x86)/atmel/studio/7.0/toolchain/avr8/avr8-gnu-toolchain/bin/../lib/gcc/avr/5.4.0/avr5\libgcc.a(_udivmodhi4.o)
 .text          0x00000000        0x0 c:/program files (x86)/atmel/studio/7.0/toolchain/avr8/avr8-gnu-toolchain/bin/../lib/gcc/avr/5.4.0/../../../../avr/lib/avr5\libc.a(malloc.o)
 .bss           0x00000000        0x0 c:/program files (x86)/atmel/studio/7.0/toolchain/avr8/avr8-gnu-toolchain/bin/../lib/gcc/avr/5.4.0/../../../../avr/lib/avr5\libc.a(malloc.o)
 .text          0x00000000        0x0 c:/program files (x86)/atmel/studio/7.0/toolchain/avr8/avr8-gnu-toolchain/bin/../lib/gcc/avr/5.4.0/avr5\libgcc.a(_copy_data.o)
 .data          0x00000000        0x0 c:/program files (x86)/atmel/studio/7.0/toolchain/avr8/avr8-gnu-toolchain/bin/../lib/gcc/avr/5.4.0/avr5\libgcc.a(_copy_data.o)
 .bss           0x00000000        0x0 c:/program files (x86)/atmel/studio/7.0/toolchain/avr8/avr8-gnu-toolchain/bin/../lib/gcc/avr/5.4.0/avr5\libgcc.a(_copy_data.o)
 .text.libgcc.mul
                0x00000000        0x0 c:/program files (x86)/atmel/studio/7.0/toolchain/avr8/avr8-gnu-toolchain/bin/../lib/gcc/avr/5.4.0/avr5\libgcc.a(_copy_data.o)
 .text.libgcc.div
                0x00000000        0x0 c:/program files (x86)/atmel/studio/7.0/toolchain/avr8/avr8-gnu-toolchain/bin/../lib/gcc/avr/5.4.0/avr5\libgcc.a(_copy_data.o)
 .text.libgcc   0x00000000        0x0 c:/program files (x86)/atmel/studio/7.0/toolchain/avr8/avr8-gnu-toolchain/bin/../lib/gcc/avr/5.4.0/avr5\libgcc.a(_copy_data.o)
 .text.libgcc.prologue
                0x00000000        0x0 c:/program files (x86)/atmel/studio/7.0/toolchain/avr8/avr8-gnu-toolchain/bin/../lib/gcc/avr/5.4.0/avr5\libgcc.a(_copy_data.o)
 .text.libgcc.builtins
                0x00000000        0x0 c:/program files (x86)/atmel/studio/7.0/toolchain/avr8/avr8-gnu-toolchain/bin/../lib/gcc/avr/5.4.0/avr5\libgcc.a(_copy_data.o)
 .text.libgcc.fmul
                0x00000000        0x0 c:/program files (x86)/atmel/studio/7.0/toolchain/avr8/avr8-gnu-toolchain/bin/../lib/gcc/avr/5.4.0/avr5\libgcc.a(_copy_data.o)
 .text.libgcc.fixed
                0x00000000        0x0 c:/program files (x86)/atmel/studio/7.0/toolchain/avr8/avr8-gnu-toolchain/bin/../lib/gcc/avr/5.4.0/avr5\libgcc.a(_copy_data.o)

Memory Configuration

Name             Origin             Length             Attributes
text             0x00000000         0x00020000         xr
data             0x00800060         0x0000ffa0         rw !x
eeprom           0x00810000         0x00010000         rw !x
fuse             0x00820000         0x00000003         rw !x
lock             0x00830000         0x00000400         rw !x
signature        0x00840000         0x00000400         rw !x
user_signatures  0x00850000         0x00000400         rw !x
*default*        0x00000000         0xffffffff

Linker script and memory map

Address of section .data set to 0x800100
LOAD C:/Program Files (x86)/Atmel/Studio/7.0/Packs/atmel/ATmega_DFP/1.2.132/gcc/dev/atmega328p/avr5/crtatmega328p.o
LOAD led_blinker.o
LOAD length_detector.o
LOAD sketch.o
START GROUP
LOAD c:/program files (x86)/atmel/studio/7.0/toolchain/avr8/avr8-gnu-toolchain/bin/../lib/gcc/avr/5.4.0/../../../../avr/lib/avr5\libm.a
LOAD C:\Users\mkamuda\Documents\Projects\AlienCake\AlienCake\ArduinoCore\Release\libArduinoCore.a
LOAD C:\Users\mkamuda\Documents\Projects\AlienCake\DMSoftware.Lib\Release\libDMSoftware.Lib.a
END GROUP
LOAD c:/program files (x86)/atmel/studio/7.0/toolchain/avr8/avr8-gnu-toolchain/bin/../lib/gcc/avr/5.4.0/avr5\libgcc.a
LOAD c:/program files (x86)/atmel/studio/7.0/toolchain/avr8/avr8-gnu-toolchain/bin/../lib/gcc/avr/5.4.0/../../../../avr/lib/avr5\libm.a
START GROUP
LOAD c:/program files (x86)/atmel/studio/7.0/toolchain/avr8/avr8-gnu-toolchain/bin/../lib/gcc/avr/5.4.0/avr5\libgcc.a
LOAD c:/program files (x86)/atmel/studio/7.0/toolchain/avr8/avr8-gnu-toolchain/bin/../lib/gcc/avr/5.4.0/../../../../avr/lib/avr5\libm.a
LOAD c:/program files (x86)/atmel/studio/7.0/toolchain/avr8/avr8-gnu-toolchain/bin/../lib/gcc/avr/5.4.0/../../../../avr/lib/avr5\libc.a
LOAD C:/Program Files (x86)/Atmel/Studio/7.0/Packs/atmel/ATmega_DFP/1.2.132/gcc/dev/atmega328p/avr5\libatmega328p.a
END GROUP
                0x00020000                __TEXT_REGION_LENGTH__ = DEFINED (__TEXT_REGION_LENGTH__)?__TEXT_REGION_LENGTH__:0x20000
                0x0000ffa0                __DATA_REGION_LENGTH__ = DEFINED (__DATA_REGION_LENGTH__)?__DATA_REGION_LENGTH__:0xffa0
                0x00010000                __EEPROM_REGION_LENGTH__ = DEFINED (__EEPROM_REGION_LENGTH__)?__EEPROM_REGION_LENGTH__:0x10000
                [0x00000003]                __FUSE_REGION_LENGTH__ = DEFINED (__FUSE_REGION_LENGTH__)?__FUSE_REGION_LENGTH__:0x400
                0x00000400                __LOCK_REGION_LENGTH__ = DEFINED (__LOCK_REGION_LENGTH__)?__LOCK_REGION_LENGTH__:0x400
                0x00000400                __SIGNATURE_REGION_LENGTH__ = DEFINED (__SIGNATURE_REGION_LENGTH__)?__SIGNATURE_REGION_LENGTH__:0x400
                0x00000400                __USER_SIGNATURE_REGION_LENGTH__ = DEFINED (__USER_SIGNATURE_REGION_LENGTH__)?__USER_SIGNATURE_REGION_LENGTH__:0x400

.hash
 *(.hash)

.dynsym
 *(.dynsym)

.dynstr
 *(.dynstr)

.gnu.version
 *(.gnu.version)

.gnu.version_d
 *(.gnu.version_d)

.gnu.version_r
 *(.gnu.version_r)

.rel.init
 *(.rel.init)

.rela.init
 *(.rela.init)

.rel.text
 *(.rel.text)
 *(.rel.text.*)
 *(.rel.gnu.linkonce.t*)

.rela.text
 *(.rela.text)
 *(.rela.text.*)
 *(.rela.gnu.linkonce.t*)

.rel.fini
 *(.rel.fini)

.rela.fini
 *(.rela.fini)

.rel.rodata
 *(.rel.rodata)
 *(.rel.rodata.*)
 *(.rel.gnu.linkonce.r*)

.rela.rodata
 *(.rela.rodata)
 *(.rela.rodata.*)
 *(.rela.gnu.linkonce.r*)

.rel.data
 *(.rel.data)
 *(.rel.data.*)
 *(.rel.gnu.linkonce.d*)

.rela.data
 *(.rela.data)
 *(.rela.data.*)
 *(.rela.gnu.linkonce.d*)

.rel.ctors
 *(.rel.ctors)

.rela.ctors
 *(.rela.ctors)

.rel.dtors
 *(.rel.dtors)

.rela.dtors
 *(.rela.dtors)

.rel.got
 *(.rel.got)

.rela.got
 *(.rela.got)

.rel.bss
 *(.rel.bss)

.rela.bss
 *(.rela.bss)

.rel.plt
 *(.rel.plt)

.rela.plt
 *(.rela.plt)

.text           0x00000000      0x86a
 *(.vectors)
 .vectors       0x00000000       0x68 C:/Program Files (x86)/Atmel/Studio/7.0/Packs/atmel/ATmega_DFP/1.2.132/gcc/dev/atmega328p/avr5/crtatmega328p.o
                0x00000000                __vector_default
                0x00000000                __vectors
 *(.vectors)
 *(.progmem.gcc*)
                0x00000068                . = ALIGN (0x2)
                0x00000068                __trampolines_start = .
 *(.trampolines)
 .trampolines   0x00000068        0x0 linker stubs
 *(.trampolines*)
                0x00000068                __trampolines_end = .
 *libprintf_flt.a:*(.progmem.data)
 *libc.a:*(.progmem.data)
 *(.progmem*)
 .progmem.data.digital_pin_to_timer_PGM
                0x00000068       0x14 C:\Users\mkamuda\Documents\Projects\AlienCake\AlienCake\ArduinoCore\Release\libArduinoCore.a(wiring_digital.o)
                0x00000068                digital_pin_to_timer_PGM
 .progmem.data.digital_pin_to_bit_mask_PGM
                0x0000007c       0x14 C:\Users\mkamuda\Documents\Projects\AlienCake\AlienCake\ArduinoCore\Release\libArduinoCore.a(wiring_digital.o)
                0x0000007c                digital_pin_to_bit_mask_PGM
 .progmem.data.digital_pin_to_port_PGM
                0x00000090       0x14 C:\Users\mkamuda\Documents\Projects\AlienCake\AlienCake\ArduinoCore\Release\libArduinoCore.a(wiring_digital.o)
                0x00000090                digital_pin_to_port_PGM
 .progmem.data.port_to_input_PGM
                0x000000a4        0xa C:\Users\mkamuda\Documents\Projects\AlienCake\AlienCake\ArduinoCore\Release\libArduinoCore.a(wiring_digital.o)
                0x000000a4                port_to_input_PGM
 .progmem.data.port_to_output_PGM
                0x000000ae        0xa C:\Users\mkamuda\Documents\Projects\AlienCake\AlienCake\ArduinoCore\Release\libArduinoCore.a(wiring_digital.o)
                0x000000ae                port_to_output_PGM
 .progmem.data.port_to_mode_PGM
                0x000000b8        0xa C:\Users\mkamuda\Documents\Projects\AlienCake\AlienCake\ArduinoCore\Release\libArduinoCore.a(wiring_digital.o)
                0x000000b8                port_to_mode_PGM
                0x000000c2                . = ALIGN (0x2)
 *(.jumptables)
 *(.jumptables*)
 *(.lowtext)
 *(.lowtext*)
                0x000000c2                __ctors_start = .
 *(.ctors)
                0x000000c2                __ctors_end = .
                0x000000c2                __dtors_start = .
 *(.dtors)
                0x000000c2                __dtors_end = .
 SORT(*)(.ctors)
 SORT(*)(.dtors)
 *(.init0)
 .init0         0x000000c2        0x0 C:/Program Files (x86)/Atmel/Studio/7.0/Packs/atmel/ATmega_DFP/1.2.132/gcc/dev/atmega328p/avr5/crtatmega328p.o
                0x000000c2                __init
 *(.init0)
 *(.init1)
 *(.init1)
 *(.init2)
 .init2         0x000000c2        0xc C:/Program Files (x86)/Atmel/Studio/7.0/Packs/atmel/ATmega_DFP/1.2.132/gcc/dev/atmega328p/avr5/crtatmega328p.o
 *(.init2)
 *(.init3)
 *(.init3)
 *(.init4)
 .init4         0x000000ce       0x10 c:/program files (x86)/atmel/studio/7.0/toolchain/avr8/avr8-gnu-toolchain/bin/../lib/gcc/avr/5.4.0/avr5\libgcc.a(_clear_bss.o)
                0x000000ce                __do_clear_bss
 .init4         0x000000de       0x16 c:/program files (x86)/atmel/studio/7.0/toolchain/avr8/avr8-gnu-toolchain/bin/../lib/gcc/avr/5.4.0/avr5\libgcc.a(_copy_data.o)
                0x000000de                __do_copy_data
 *(.init4)
 *(.init5)
 *(.init5)
 *(.init6)
 *(.init6)
 *(.init7)
 *(.init7)
 *(.init8)
 *(.init8)
 *(.init9)
 .init9         0x000000f4        0x8 C:/Program Files (x86)/Atmel/Studio/7.0/Packs/atmel/ATmega_DFP/1.2.132/gcc/dev/atmega328p/avr5/crtatmega328p.o
 *(.init9)
 *(.text)
 .text          0x000000fc        0x4 C:/Program Files (x86)/Atmel/Studio/7.0/Packs/atmel/ATmega_DFP/1.2.132/gcc/dev/atmega328p/avr5/crtatmega328p.o
                0x000000fc                __vector_22
                0x000000fc                __vector_1
                0x000000fc                __vector_24
                0x000000fc                __vector_12
                0x000000fc                __bad_interrupt
                0x000000fc                __vector_6
                0x000000fc                __vector_3
                0x000000fc                __vector_23
                0x000000fc                __vector_25
                0x000000fc                __vector_11
                0x000000fc                __vector_13
                0x000000fc                __vector_17
                0x000000fc                __vector_19
                0x000000fc                __vector_7
                0x000000fc                __vector_5
                0x000000fc                __vector_4
                0x000000fc                __vector_9
                0x000000fc                __vector_2
                0x000000fc                __vector_21
                0x000000fc                __vector_15
                0x000000fc                __vector_8
                0x000000fc                __vector_14
                0x000000fc                __vector_10
                0x000000fc                __vector_18
                0x000000fc                __vector_20
                0x00000100                . = ALIGN (0x2)
 *(.text.*)
 .text.led_create
                0x00000100       0x2e led_blinker.o
                0x00000100                led_create
 .text.led_turn_on
                0x0000012e        0x6 led_blinker.o
                0x0000012e                led_turn_on
 .text.led_turn_off
                0x00000134        0x6 led_blinker.o
                0x00000134                led_turn_off
 .text.length_detector_create
                0x0000013a       0x44 length_detector.o
                0x0000013a                length_detector_create
 .text.length_detector_measure
                0x0000017e       0x7c length_detector.o
                0x0000017e                length_detector_measure
 .text.setup    0x000001fa       0x34 sketch.o
                0x000001fa                setup
 .text.loop     0x0000022e       0x3e sketch.o
                0x0000022e                loop
 .text.initVariant
                0x0000026c        0x2 C:\Users\mkamuda\Documents\Projects\AlienCake\AlienCake\ArduinoCore\Release\libArduinoCore.a(main.o)
                0x0000026c                initVariant
 .text.startup.main
                0x0000026e       0x1e C:\Users\mkamuda\Documents\Projects\AlienCake\AlienCake\ArduinoCore\Release\libArduinoCore.a(main.o)
                0x0000026e                main
 .text.__vector_16
                0x0000028c       0x94 C:\Users\mkamuda\Documents\Projects\AlienCake\AlienCake\ArduinoCore\Release\libArduinoCore.a(wiring.o)
                0x0000028c                __vector_16
 .text.micros   0x00000320       0x4a C:\Users\mkamuda\Documents\Projects\AlienCake\AlienCake\ArduinoCore\Release\libArduinoCore.a(wiring.o)
                0x00000320                micros
 .text.delay    0x0000036a       0x78 C:\Users\mkamuda\Documents\Projects\AlienCake\AlienCake\ArduinoCore\Release\libArduinoCore.a(wiring.o)
                0x0000036a                delay
 .text.init     0x000003e2       0x76 C:\Users\mkamuda\Documents\Projects\AlienCake\AlienCake\ArduinoCore\Release\libArduinoCore.a(wiring.o)
                0x000003e2                init
 .text.turnOffPWM
                0x00000458       0x52 C:\Users\mkamuda\Documents\Projects\AlienCake\AlienCake\ArduinoCore\Release\libArduinoCore.a(wiring_digital.o)
 .text.pinMode  0x000004aa       0x78 C:\Users\mkamuda\Documents\Projects\AlienCake\AlienCake\ArduinoCore\Release\libArduinoCore.a(wiring_digital.o)
                0x000004aa                pinMode
 .text.digitalWrite
                0x00000522       0x5e C:\Users\mkamuda\Documents\Projects\AlienCake\AlienCake\ArduinoCore\Release\libArduinoCore.a(wiring_digital.o)
                0x00000522                digitalWrite
 .text.digitalRead
                0x00000580       0x52 C:\Users\mkamuda\Documents\Projects\AlienCake\AlienCake\ArduinoCore\Release\libArduinoCore.a(wiring_digital.o)
                0x00000580                digitalRead
 .text.__empty  0x000005d2        0x2 C:\Users\mkamuda\Documents\Projects\AlienCake\AlienCake\ArduinoCore\Release\libArduinoCore.a(hooks.o)
                0x000005d2                yield
 .text.libgcc.div
                0x000005d4       0x28 c:/program files (x86)/atmel/studio/7.0/toolchain/avr8/avr8-gnu-toolchain/bin/../lib/gcc/avr/5.4.0/avr5\libgcc.a(_divmodhi4.o)
                0x000005d4                _div
                0x000005d4                __divmodhi4
 .text.libgcc.div
                0x000005fc       0x28 c:/program files (x86)/atmel/studio/7.0/toolchain/avr8/avr8-gnu-toolchain/bin/../lib/gcc/avr/5.4.0/avr5\libgcc.a(_udivmodhi4.o)
                0x000005fc                __udivmodhi4
 .text.avr-libc
                0x00000624      0x242 c:/program files (x86)/atmel/studio/7.0/toolchain/avr8/avr8-gnu-toolchain/bin/../lib/gcc/avr/5.4.0/../../../../avr/lib/avr5\libc.a(malloc.o)
                0x00000624                malloc
                0x00000754                free
                0x00000866                . = ALIGN (0x2)
 *(.fini9)
 .fini9         0x00000866        0x0 c:/program files (x86)/atmel/studio/7.0/toolchain/avr8/avr8-gnu-toolchain/bin/../lib/gcc/avr/5.4.0/avr5\libgcc.a(_exit.o)
                0x00000866                _exit
                0x00000866                exit
 *(.fini9)
 *(.fini8)
 *(.fini8)
 *(.fini7)
 *(.fini7)
 *(.fini6)
 *(.fini6)
 *(.fini5)
 *(.fini5)
 *(.fini4)
 *(.fini4)
 *(.fini3)
 *(.fini3)
 *(.fini2)
 *(.fini2)
 *(.fini1)
 *(.fini1)
 *(.fini0)
 .fini0         0x00000866        0x4 c:/program files (x86)/atmel/studio/7.0/toolchain/avr8/avr8-gnu-toolchain/bin/../lib/gcc/avr/5.4.0/avr5\libgcc.a(_exit.o)
 *(.fini0)
                0x0000086a                _etext = .

.data           0x00800100        0x6 load address 0x0000086a
                0x00800100                PROVIDE (__data_start, .)
 *(.data)
 .data          0x00800100        0x6 c:/program files (x86)/atmel/studio/7.0/toolchain/avr8/avr8-gnu-toolchain/bin/../lib/gcc/avr/5.4.0/../../../../avr/lib/avr5\libc.a(malloc.o)
                0x00800100                __malloc_heap_end
                0x00800102                __malloc_heap_start
                0x00800104                __malloc_margin
 *(.data*)
 *(.rodata)
 *(.rodata*)
 *(.gnu.linkonce.d*)
                0x00800106                . = ALIGN (0x2)
                0x00800106                _edata = .
                0x00800106                PROVIDE (__data_end, .)

.bss            0x00800106       0x11
                0x00800106                PROVIDE (__bss_start, .)
 *(.bss)
 *(.bss*)
 .bss.timer0_fract
                0x00800106        0x1 C:\Users\mkamuda\Documents\Projects\AlienCake\AlienCake\ArduinoCore\Release\libArduinoCore.a(wiring.o)
 .bss.timer0_millis
                0x00800107        0x4 C:\Users\mkamuda\Documents\Projects\AlienCake\AlienCake\ArduinoCore\Release\libArduinoCore.a(wiring.o)
                0x00800107                timer0_millis
 .bss.timer0_overflow_count
                0x0080010b        0x4 C:\Users\mkamuda\Documents\Projects\AlienCake\AlienCake\ArduinoCore\Release\libArduinoCore.a(wiring.o)
                0x0080010b                timer0_overflow_count
 *(COMMON)
 COMMON         0x0080010f        0x4 sketch.o
                0x0080010f                detector
                0x00800111                led
 COMMON         0x00800113        0x4 c:/program files (x86)/atmel/studio/7.0/toolchain/avr8/avr8-gnu-toolchain/bin/../lib/gcc/avr/5.4.0/../../../../avr/lib/avr5\libc.a(malloc.o)
                0x00800113                __brkval
                0x00800115                __flp
                0x00800117                PROVIDE (__bss_end, .)
                0x0000086a                __data_load_start = LOADADDR (.data)
                0x00000870                __data_load_end = (__data_load_start + SIZEOF (.data))

.noinit         0x00800117        0x0
                [!provide]                PROVIDE (__noinit_start, .)
 *(.noinit*)
                [!provide]                PROVIDE (__noinit_end, .)
                0x00800117                _end = .
                0x00800117                PROVIDE (__heap_start, .)

.eeprom         0x00810000        0x0
 *(.eeprom*)
                0x00810000                __eeprom_end = .

.fuse
 *(.fuse)
 *(.lfuse)
 *(.hfuse)
 *(.efuse)

.lock
 *(.lock*)

.signature
 *(.signature*)

.user_signatures
 *(.user_signatures*)

.stab
 *(.stab)

.stabstr
 *(.stabstr)

.stab.excl
 *(.stab.excl)

.stab.exclstr
 *(.stab.exclstr)

.stab.index
 *(.stab.index)

.stab.indexstr
 *(.stab.indexstr)

.comment        0x00000000       0x30
 *(.comment)
 .comment       0x00000000       0x30 led_blinker.o
                                 0x31 (size before relaxing)
 .comment       0x00000030       0x31 length_detector.o
 .comment       0x00000030       0x31 sketch.o
 .comment       0x00000030       0x31 C:\Users\mkamuda\Documents\Projects\AlienCake\AlienCake\ArduinoCore\Release\libArduinoCore.a(main.o)
 .comment       0x00000030       0x31 C:\Users\mkamuda\Documents\Projects\AlienCake\AlienCake\ArduinoCore\Release\libArduinoCore.a(wiring.o)
 .comment       0x00000030       0x31 C:\Users\mkamuda\Documents\Projects\AlienCake\AlienCake\ArduinoCore\Release\libArduinoCore.a(wiring_digital.o)
 .comment       0x00000030       0x31 C:\Users\mkamuda\Documents\Projects\AlienCake\AlienCake\ArduinoCore\Release\libArduinoCore.a(hooks.o)
 .comment       0x00000030       0x31 c:/program files (x86)/atmel/studio/7.0/toolchain/avr8/avr8-gnu-toolchain/bin/../lib/gcc/avr/5.4.0/../../../../avr/lib/avr5\libc.a(malloc.o)

.note.gnu.avr.deviceinfo
                0x00000000       0x40
 .note.gnu.avr.deviceinfo
                0x00000000       0x40 C:/Program Files (x86)/Atmel/Studio/7.0/Packs/atmel/ATmega_DFP/1.2.132/gcc/dev/atmega328p/avr5/crtatmega328p.o

.note.gnu.build-id
 *(.note.gnu.build-id)

.debug
 *(.debug)

.line
 *(.line)

.debug_srcinfo
 *(.debug_srcinfo)

.debug_sfnames
 *(.debug_sfnames)

.debug_aranges  0x00000000      0x160
 *(.debug_aranges)
 .debug_aranges
                0x00000000       0x38 led_blinker.o
 .debug_aranges
                0x00000038       0x30 length_detector.o
 .debug_aranges
                0x00000068       0x28 sketch.o
 .debug_aranges
                0x00000090       0x30 C:\Users\mkamuda\Documents\Projects\AlienCake\AlienCake\ArduinoCore\Release\libArduinoCore.a(main.o)
 .debug_aranges
                0x000000c0       0x48 C:\Users\mkamuda\Documents\Projects\AlienCake\AlienCake\ArduinoCore\Release\libArduinoCore.a(wiring.o)
 .debug_aranges
                0x00000108       0x38 C:\Users\mkamuda\Documents\Projects\AlienCake\AlienCake\ArduinoCore\Release\libArduinoCore.a(wiring_digital.o)
 .debug_aranges
                0x00000140       0x20 C:\Users\mkamuda\Documents\Projects\AlienCake\AlienCake\ArduinoCore\Release\libArduinoCore.a(hooks.o)

.debug_pubnames
 *(.debug_pubnames)

.debug_info     0x00000000     0x1a3e
 *(.debug_info .gnu.linkonce.wi.*)
 .debug_info    0x00000000      0x5f4 C:/Program Files (x86)/Atmel/Studio/7.0/Packs/atmel/ATmega_DFP/1.2.132/gcc/dev/atmega328p/avr5/crtatmega328p.o
 .debug_info    0x000005f4      0x2cb led_blinker.o
 .debug_info    0x000008bf      0x38c length_detector.o
 .debug_info    0x00000c4b      0x2b5 sketch.o
 .debug_info    0x00000f00      0x237 C:\Users\mkamuda\Documents\Projects\AlienCake\AlienCake\ArduinoCore\Release\libArduinoCore.a(main.o)
 .debug_info    0x00001137      0x2cb C:\Users\mkamuda\Documents\Projects\AlienCake\AlienCake\ArduinoCore\Release\libArduinoCore.a(wiring.o)
 .debug_info    0x00001402      0x5fe C:\Users\mkamuda\Documents\Projects\AlienCake\AlienCake\ArduinoCore\Release\libArduinoCore.a(wiring_digital.o)
 .debug_info    0x00001a00       0x3e C:\Users\mkamuda\Documents\Projects\AlienCake\AlienCake\ArduinoCore\Release\libArduinoCore.a(hooks.o)

.debug_abbrev   0x00000000      0xd89
 *(.debug_abbrev)
 .debug_abbrev  0x00000000      0x5a2 C:/Program Files (x86)/Atmel/Studio/7.0/Packs/atmel/ATmega_DFP/1.2.132/gcc/dev/atmega328p/avr5/crtatmega328p.o
 .debug_abbrev  0x000005a2      0x169 led_blinker.o
 .debug_abbrev  0x0000070b      0x172 length_detector.o
 .debug_abbrev  0x0000087d      0x114 sketch.o
 .debug_abbrev  0x00000991      0x12d C:\Users\mkamuda\Documents\Projects\AlienCake\AlienCake\ArduinoCore\Release\libArduinoCore.a(main.o)
 .debug_abbrev  0x00000abe      0x146 C:\Users\mkamuda\Documents\Projects\AlienCake\AlienCake\ArduinoCore\Release\libArduinoCore.a(wiring.o)
 .debug_abbrev  0x00000c04      0x15b C:\Users\mkamuda\Documents\Projects\AlienCake\AlienCake\ArduinoCore\Release\libArduinoCore.a(wiring_digital.o)
 .debug_abbrev  0x00000d5f       0x2a C:\Users\mkamuda\Documents\Projects\AlienCake\AlienCake\ArduinoCore\Release\libArduinoCore.a(hooks.o)

.debug_line     0x00000000      0xc6f
 *(.debug_line .debug_line.* .debug_line_end)
 .debug_line    0x00000000      0x133 C:/Program Files (x86)/Atmel/Studio/7.0/Packs/atmel/ATmega_DFP/1.2.132/gcc/dev/atmega328p/avr5/crtatmega328p.o
 .debug_line    0x00000133      0x185 led_blinker.o
 .debug_line    0x000002b8      0x1b7 length_detector.o
 .debug_line    0x0000046f      0x16f sketch.o
 .debug_line    0x000005de      0x165 C:\Users\mkamuda\Documents\Projects\AlienCake\AlienCake\ArduinoCore\Release\libArduinoCore.a(main.o)
 .debug_line    0x00000743      0x299 C:\Users\mkamuda\Documents\Projects\AlienCake\AlienCake\ArduinoCore\Release\libArduinoCore.a(wiring.o)
 .debug_line    0x000009dc      0x252 C:\Users\mkamuda\Documents\Projects\AlienCake\AlienCake\ArduinoCore\Release\libArduinoCore.a(wiring_digital.o)
 .debug_line    0x00000c2e       0x41 C:\Users\mkamuda\Documents\Projects\AlienCake\AlienCake\ArduinoCore\Release\libArduinoCore.a(hooks.o)

.debug_frame    0x00000000      0x2cc
 *(.debug_frame)
 .debug_frame   0x00000000       0x68 led_blinker.o
 .debug_frame   0x00000068       0x78 length_detector.o
 .debug_frame   0x000000e0       0x34 sketch.o
 .debug_frame   0x00000114       0x54 C:\Users\mkamuda\Documents\Projects\AlienCake\AlienCake\ArduinoCore\Release\libArduinoCore.a(main.o)
 .debug_frame   0x00000168       0xc4 C:\Users\mkamuda\Documents\Projects\AlienCake\AlienCake\ArduinoCore\Release\libArduinoCore.a(wiring.o)
 .debug_frame   0x0000022c       0x7c C:\Users\mkamuda\Documents\Projects\AlienCake\AlienCake\ArduinoCore\Release\libArduinoCore.a(wiring_digital.o)
 .debug_frame   0x000002a8       0x24 C:\Users\mkamuda\Documents\Projects\AlienCake\AlienCake\ArduinoCore\Release\libArduinoCore.a(hooks.o)

.debug_str      0x00000000      0x860
 *(.debug_str)
 .debug_str     0x00000000      0x208 C:/Program Files (x86)/Atmel/Studio/7.0/Packs/atmel/ATmega_DFP/1.2.132/gcc/dev/atmega328p/avr5/crtatmega328p.o
 .debug_str     0x00000208      0x1df led_blinker.o
                                0x218 (size before relaxing)
 .debug_str     0x000003e7       0xbe length_detector.o
                                0x27f (size before relaxing)
 .debug_str     0x000004a5       0x22 sketch.o
                                0x251 (size before relaxing)
 .debug_str     0x000004c7      0x216 C:\Users\mkamuda\Documents\Projects\AlienCake\AlienCake\ArduinoCore\Release\libArduinoCore.a(main.o)
                                0x2ab (size before relaxing)
 .debug_str     0x000006dd       0x91 C:\Users\mkamuda\Documents\Projects\AlienCake\AlienCake\ArduinoCore\Release\libArduinoCore.a(wiring.o)
                                0x241 (size before relaxing)
 .debug_str     0x0000076e       0xd6 C:\Users\mkamuda\Documents\Projects\AlienCake\AlienCake\ArduinoCore\Release\libArduinoCore.a(wiring_digital.o)
                                0x2a6 (size before relaxing)
 .debug_str     0x00000844       0x1c C:\Users\mkamuda\Documents\Projects\AlienCake\AlienCake\ArduinoCore\Release\libArduinoCore.a(hooks.o)
                                0x136 (size before relaxing)

.debug_loc      0x00000000      0xbce
 *(.debug_loc)
 .debug_loc     0x00000000      0x131 led_blinker.o
 .debug_loc     0x00000131      0x1fc length_detector.o
 .debug_loc     0x0000032d       0x18 sketch.o
 .debug_loc     0x00000345      0x28d C:\Users\mkamuda\Documents\Projects\AlienCake\AlienCake\ArduinoCore\Release\libArduinoCore.a(wiring.o)
 .debug_loc     0x000005d2      0x5fc C:\Users\mkamuda\Documents\Projects\AlienCake\AlienCake\ArduinoCore\Release\libArduinoCore.a(wiring_digital.o)

.debug_macinfo
 *(.debug_macinfo)

.debug_weaknames
 *(.debug_weaknames)

.debug_funcnames
 *(.debug_funcnames)

.debug_typenames
 *(.debug_typenames)

.debug_varnames
 *(.debug_varnames)

.debug_pubtypes
 *(.debug_pubtypes)

.debug_ranges   0x00000000       0xf0
 *(.debug_ranges)
 .debug_ranges  0x00000000       0x28 led_blinker.o
 .debug_ranges  0x00000028       0x20 length_detector.o
 .debug_ranges  0x00000048       0x18 sketch.o
 .debug_ranges  0x00000060       0x20 C:\Users\mkamuda\Documents\Projects\AlienCake\AlienCake\ArduinoCore\Release\libArduinoCore.a(main.o)
 .debug_ranges  0x00000080       0x38 C:\Users\mkamuda\Documents\Projects\AlienCake\AlienCake\ArduinoCore\Release\libArduinoCore.a(wiring.o)
 .debug_ranges  0x000000b8       0x28 C:\Users\mkamuda\Documents\Projects\AlienCake\AlienCake\ArduinoCore\Release\libArduinoCore.a(wiring_digital.o)
 .debug_ranges  0x000000e0       0x10 C:\Users\mkamuda\Documents\Projects\AlienCake\AlienCake\ArduinoCore\Release\libArduinoCore.a(hooks.o)

.debug_macro
 *(.debug_macro)
OUTPUT(AlienCake.elf elf32-avr)
LOAD linker stubs
